Archive member included to satisfy reference by file (symbol)

c:/gcc_toolchain/6_2017-q1-update/bin/../lib/gcc/arm-none-eabi/6.3.1/../../../../arm-none-eabi/lib/thumb/v7e-m/fpv5-sp/hard\libc_nano.a(lib_a-atoi.o)
                              build/netdb.o (atoi)
c:/gcc_toolchain/6_2017-q1-update/bin/../lib/gcc/arm-none-eabi/6.3.1/../../../../arm-none-eabi/lib/thumb/v7e-m/fpv5-sp/hard\libc_nano.a(lib_a-exit.o)
                              c:/gcc_toolchain/6_2017-q1-update/bin/../lib/gcc/arm-none-eabi/6.3.1/../../../../arm-none-eabi/lib/thumb/v7e-m/fpv5-sp/hard/crt0.o (exit)
c:/gcc_toolchain/6_2017-q1-update/bin/../lib/gcc/arm-none-eabi/6.3.1/../../../../arm-none-eabi/lib/thumb/v7e-m/fpv5-sp/hard\libc_nano.a(lib_a-impure.o)
                              c:/gcc_toolchain/6_2017-q1-update/bin/../lib/gcc/arm-none-eabi/6.3.1/../../../../arm-none-eabi/lib/thumb/v7e-m/fpv5-sp/hard\libc_nano.a(lib_a-exit.o) (_global_impure_ptr)
c:/gcc_toolchain/6_2017-q1-update/bin/../lib/gcc/arm-none-eabi/6.3.1/../../../../arm-none-eabi/lib/thumb/v7e-m/fpv5-sp/hard\libc_nano.a(lib_a-init.o)
                              c:/gcc_toolchain/6_2017-q1-update/bin/../lib/gcc/arm-none-eabi/6.3.1/../../../../arm-none-eabi/lib/thumb/v7e-m/fpv5-sp/hard/crt0.o (__libc_init_array)
c:/gcc_toolchain/6_2017-q1-update/bin/../lib/gcc/arm-none-eabi/6.3.1/../../../../arm-none-eabi/lib/thumb/v7e-m/fpv5-sp/hard\libc_nano.a(lib_a-malloc.o)
                              build/syscall.o (malloc)
c:/gcc_toolchain/6_2017-q1-update/bin/../lib/gcc/arm-none-eabi/6.3.1/../../../../arm-none-eabi/lib/thumb/v7e-m/fpv5-sp/hard\libc_nano.a(lib_a-memcmp.o)
                              build/ethernet.o (memcmp)
c:/gcc_toolchain/6_2017-q1-update/bin/../lib/gcc/arm-none-eabi/6.3.1/../../../../arm-none-eabi/lib/thumb/v7e-m/fpv5-sp/hard\libc_nano.a(lib_a-memcpy-stub.o)
                              build/ethernetif.o (memcpy)
c:/gcc_toolchain/6_2017-q1-update/bin/../lib/gcc/arm-none-eabi/6.3.1/../../../../arm-none-eabi/lib/thumb/v7e-m/fpv5-sp/hard\libc_nano.a(lib_a-memset.o)
                              c:/gcc_toolchain/6_2017-q1-update/bin/../lib/gcc/arm-none-eabi/6.3.1/../../../../arm-none-eabi/lib/thumb/v7e-m/fpv5-sp/hard/crt0.o (memset)
c:/gcc_toolchain/6_2017-q1-update/bin/../lib/gcc/arm-none-eabi/6.3.1/../../../../arm-none-eabi/lib/thumb/v7e-m/fpv5-sp/hard\libc_nano.a(lib_a-nano-freer.o)
                              c:/gcc_toolchain/6_2017-q1-update/bin/../lib/gcc/arm-none-eabi/6.3.1/../../../../arm-none-eabi/lib/thumb/v7e-m/fpv5-sp/hard\libc_nano.a(lib_a-malloc.o) (_free_r)
c:/gcc_toolchain/6_2017-q1-update/bin/../lib/gcc/arm-none-eabi/6.3.1/../../../../arm-none-eabi/lib/thumb/v7e-m/fpv5-sp/hard\libc_nano.a(lib_a-nano-mallocr.o)
                              c:/gcc_toolchain/6_2017-q1-update/bin/../lib/gcc/arm-none-eabi/6.3.1/../../../../arm-none-eabi/lib/thumb/v7e-m/fpv5-sp/hard\libc_nano.a(lib_a-malloc.o) (_malloc_r)
c:/gcc_toolchain/6_2017-q1-update/bin/../lib/gcc/arm-none-eabi/6.3.1/../../../../arm-none-eabi/lib/thumb/v7e-m/fpv5-sp/hard\libc_nano.a(lib_a-printf.o)
                              build/fatfs.o (printf)
c:/gcc_toolchain/6_2017-q1-update/bin/../lib/gcc/arm-none-eabi/6.3.1/../../../../arm-none-eabi/lib/thumb/v7e-m/fpv5-sp/hard\libc_nano.a(lib_a-putchar.o)
                              build/usbh_diskio.o (putchar)
c:/gcc_toolchain/6_2017-q1-update/bin/../lib/gcc/arm-none-eabi/6.3.1/../../../../arm-none-eabi/lib/thumb/v7e-m/fpv5-sp/hard\libc_nano.a(lib_a-puts.o)
                              build/main.o (puts)
c:/gcc_toolchain/6_2017-q1-update/bin/../lib/gcc/arm-none-eabi/6.3.1/../../../../arm-none-eabi/lib/thumb/v7e-m/fpv5-sp/hard\libc_nano.a(lib_a-rand.o)
                              build/dns.o (rand)
c:/gcc_toolchain/6_2017-q1-update/bin/../lib/gcc/arm-none-eabi/6.3.1/../../../../arm-none-eabi/lib/thumb/v7e-m/fpv5-sp/hard\libc_nano.a(lib_a-sbrkr.o)
                              c:/gcc_toolchain/6_2017-q1-update/bin/../lib/gcc/arm-none-eabi/6.3.1/../../../../arm-none-eabi/lib/thumb/v7e-m/fpv5-sp/hard\libc_nano.a(lib_a-nano-mallocr.o) (_sbrk_r)
c:/gcc_toolchain/6_2017-q1-update/bin/../lib/gcc/arm-none-eabi/6.3.1/../../../../arm-none-eabi/lib/thumb/v7e-m/fpv5-sp/hard\libc_nano.a(lib_a-sprintf.o)
                              build/main.o (sprintf)
c:/gcc_toolchain/6_2017-q1-update/bin/../lib/gcc/arm-none-eabi/6.3.1/../../../../arm-none-eabi/lib/thumb/v7e-m/fpv5-sp/hard\libc_nano.a(lib_a-strlen.o)
                              build/netdb.o (strlen)
c:/gcc_toolchain/6_2017-q1-update/bin/../lib/gcc/arm-none-eabi/6.3.1/../../../../arm-none-eabi/lib/thumb/v7e-m/fpv5-sp/hard\libc_nano.a(lib_a-strncmp.o)
                              build/def.o (strncmp)
c:/gcc_toolchain/6_2017-q1-update/bin/../lib/gcc/arm-none-eabi/6.3.1/../../../../arm-none-eabi/lib/thumb/v7e-m/fpv5-sp/hard\libc_nano.a(lib_a-strncpy.o)
                              build/netdb.o (strncpy)
[...]
Memory Configuration

Name             Origin             Length             Attributes
RAM              0x20000000         0x00050000         xrw
FLASH            0x08000000         0x00100000         xr
SDRAM            0xc0000000         0x00800000         xrw
*default*        0x00000000         0xffffffff

Linker script and memory map

LOAD c:/gcc_toolchain/6_2017-q1-update/bin/../lib/gcc/arm-none-eabi/6.3.1/thumb/v7e-m/fpv5-sp/hard/crti.o
LOAD c:/gcc_toolchain/6_2017-q1-update/bin/../lib/gcc/arm-none-eabi/6.3.1/thumb/v7e-m/fpv5-sp/hard/crtbegin.o
LOAD c:/gcc_toolchain/6_2017-q1-update/bin/../lib/gcc/arm-none-eabi/6.3.1/../../../../arm-none-eabi/lib/thumb/v7e-m/fpv5-sp/hard/crt0.o
LOAD build/main.o
LOAD build/bsp_driver_sd.o
LOAD build/sd_diskio.o
LOAD build/fatfs.o
LOAD build/fatfs_platform.o
LOAD build/usbh_diskio.o
LOAD build/freertos.o
LOAD build/lwip.o
LOAD build/ethernetif.o
LOAD build/syscalls.o
LOAD build/usb_host.o
LOAD build/usbh_conf.o
LOAD build/usbh_platform.o
LOAD build/stm32f7xx_it.o
LOAD build/stm32f7xx_hal_msp.o
LOAD build/stm32f7xx_hal_timebase_TIM.o
LOAD build/stm32f7xx_hal_eth.o
LOAD build/stm32f7xx_hal_hcd.o
LOAD build/stm32f7xx_ll_usb.o
LOAD build/stm32f7xx_hal_adc.o
LOAD build/stm32f7xx_hal_adc_ex.o
LOAD build/stm32f7xx_hal_cortex.o
LOAD build/stm32f7xx_hal_crc.o
LOAD build/stm32f7xx_hal_crc_ex.o
LOAD build/stm32f7xx_hal_dcmi.o
LOAD build/stm32f7xx_hal_dcmi_ex.o
LOAD build/stm32f7xx_hal_dma2d.o
LOAD build/stm32f7xx_ll_fmc.o
LOAD build/stm32f7xx_hal_sdram.o
LOAD build/stm32f7xx_hal_i2c.o
LOAD build/stm32f7xx_hal_i2c_ex.o
LOAD build/stm32f7xx_hal_ltdc.o
LOAD build/stm32f7xx_hal_ltdc_ex.o
LOAD build/stm32f7xx_hal_dsi.o
LOAD build/stm32f7xx_hal_qspi.o
LOAD build/stm32f7xx_hal_rtc.o
LOAD build/stm32f7xx_hal_rtc_ex.o
LOAD build/stm32f7xx_hal_sai.o
LOAD build/stm32f7xx_hal_sai_ex.o
LOAD build/stm32f7xx_ll_sdmmc.o
LOAD build/stm32f7xx_hal_sd.o
LOAD build/stm32f7xx_hal_spdifrx.o
LOAD build/stm32f7xx_hal_spi.o
LOAD build/stm32f7xx_hal_tim.o
LOAD build/stm32f7xx_hal_tim_ex.o
LOAD build/stm32f7xx_hal_uart.o
LOAD build/stm32f7xx_hal_rcc.o
LOAD build/stm32f7xx_hal_rcc_ex.o
LOAD build/stm32f7xx_hal_flash.o
LOAD build/stm32f7xx_hal_flash_ex.o
LOAD build/stm32f7xx_hal_gpio.o
LOAD build/stm32f7xx_hal_dma.o
LOAD build/stm32f7xx_hal_dma_ex.o
LOAD build/stm32f7xx_hal_pwr.o
LOAD build/stm32f7xx_hal_pwr_ex.o
LOAD build/stm32f7xx_hal.o
LOAD build/system_stm32f7xx.o
LOAD build/syscall.o
LOAD build/ccsbcs.o
LOAD build/ff.o
LOAD build/ff_gen_drv.o
LOAD build/diskio.o
LOAD build/heap_4.o
LOAD build/port.o
LOAD build/queue.o
LOAD build/croutine.o
LOAD build/timers.o
LOAD build/list.o
LOAD build/tasks.o
LOAD build/event_groups.o
LOAD build/cmsis_os.o
LOAD build/auth.o
LOAD build/ccp.o
LOAD build/chap_ms.o
LOAD build/chap-md5.o
LOAD build/chap-new.o
LOAD build/demand.o
LOAD build/eap.o
LOAD build/eui64.o
LOAD build/fsm.o
LOAD build/ipcp.o
LOAD build/ipv6cp.o
LOAD build/lcp.o
LOAD build/magic.o
LOAD build/mppe.o
LOAD build/multilink.o
LOAD build/ppp.o
LOAD build/pppapi.o
LOAD build/pppcrypt.o
LOAD build/pppoe.o
LOAD build/pppol2tp.o
LOAD build/pppos.o
LOAD build/upap.o
LOAD build/utils.o
LOAD build/vj.o
LOAD build/ethernet.o
LOAD build/slipif.o
LOAD build/lowpan6.o
LOAD build/ecp.o
LOAD build/err.o
LOAD build/netbuf.o
LOAD build/sockets.o
LOAD build/tcpip.o
LOAD build/api_lib.o
LOAD build/api_msg.o
LOAD build/netdb.o
LOAD build/netifapi.o
LOAD build/inet_chksum.o
LOAD build/ip.o
LOAD build/mem.o
LOAD build/def.o
LOAD build/timeouts.o
LOAD build/init.o
LOAD build/tcp_in.o
LOAD build/pbuf.o
LOAD build/udp.o
LOAD build/tcp.o
LOAD build/tcp_out.o
LOAD build/stats.o
LOAD build/raw.o
LOAD build/memp.o
LOAD build/netif.o
LOAD build/dns.o
LOAD build/sys.o
LOAD build/igmp.o
LOAD build/icmp.o
LOAD build/dhcp.o
LOAD build/ip4.o
LOAD build/etharp.o
LOAD build/ip4_addr.o
LOAD build/ip4_frag.o
LOAD build/autoip.o
LOAD build/ip6.o
LOAD build/ethip6.o
LOAD build/ip6_addr.o
LOAD build/nd6.o
LOAD build/mld6.o
LOAD build/inet6.o
LOAD build/icmp6.o
LOAD build/dhcp6.o
LOAD build/ip6_frag.o
LOAD build/sys_arch.o
LOAD build/mqtt.o
LOAD build/usbh_core.o
LOAD build/usbh_ctlreq.o
LOAD build/usbh_ioreq.o
LOAD build/usbh_pipes.o
LOAD build/usbh_msc.o
LOAD build/usbh_msc_bot.o
LOAD build/usbh_msc_scsi.o
LOAD build/dbgu.o
LOAD build/term_io.o
LOAD build/stm32746g_discovery_audio.o
LOAD build/stm32746g_discovery_lcd.o
LOAD build/stm32746g_discovery_sdram.o
LOAD build/stm32746g_discovery_ts.o
LOAD build/stm32746g_discovery.o
LOAD build/wm8994.o
LOAD build/ft5336.o
LOAD build/sd_diskio_dma_rtos.o
LOAD build/stm32f7_board_sd.o
LOAD build/startup_stm32f746xx.o
LOAD c:/gcc_toolchain/6_2017-q1-update/bin/../lib/gcc/arm-none-eabi/6.3.1/../../../../arm-none-eabi/lib/thumb/v7e-m/fpv5-sp/hard\libc_nano.a
LOAD c:/gcc_toolchain/6_2017-q1-update/bin/../lib/gcc/arm-none-eabi/6.3.1/../../../../arm-none-eabi/lib/thumb/v7e-m/fpv5-sp/hard\libm.a
LOAD c:/gcc_toolchain/6_2017-q1-update/bin/../lib/gcc/arm-none-eabi/6.3.1/../../../../arm-none-eabi/lib/thumb/v7e-m/fpv5-sp/hard\libnosys.a
START GROUP
LOAD c:/gcc_toolchain/6_2017-q1-update/bin/../lib/gcc/arm-none-eabi/6.3.1/thumb/v7e-m/fpv5-sp/hard\libgcc.a
LOAD c:/gcc_toolchain/6_2017-q1-update/bin/../lib/gcc/arm-none-eabi/6.3.1/../../../../arm-none-eabi/lib/thumb/v7e-m/fpv5-sp/hard\libc_nano.a
END GROUP
START GROUP
LOAD c:/gcc_toolchain/6_2017-q1-update/bin/../lib/gcc/arm-none-eabi/6.3.1/thumb/v7e-m/fpv5-sp/hard\libgcc.a
LOAD c:/gcc_toolchain/6_2017-q1-update/bin/../lib/gcc/arm-none-eabi/6.3.1/../../../../arm-none-eabi/lib/thumb/v7e-m/fpv5-sp/hard\libc_nano.a
END GROUP
LOAD c:/gcc_toolchain/6_2017-q1-update/bin/../lib/gcc/arm-none-eabi/6.3.1/thumb/v7e-m/fpv5-sp/hard/crtend.o
LOAD c:/gcc_toolchain/6_2017-q1-update/bin/../lib/gcc/arm-none-eabi/6.3.1/thumb/v7e-m/fpv5-sp/hard/crtn.o
                0x20050000                _estack = 0x20050000
                0x00000200                _Min_Heap_Size = 0x200
                0x00000400                _Min_Stack_Size = 0x400

.isr_vector     0x08000000      0x1c8
                0x08000000                . = ALIGN (0x4)
 *(.isr_vector)
 .isr_vector    0x08000000      0x1c8 build/startup_stm32f746xx.o
                0x08000000                g_pfnVectors
                0x080001c8                . = ALIGN (0x4)

.text           0x080001d0    0x11594
                0x080001d0                . = ALIGN (0x4)
 *(.text)
 .text          0x080001d0       0x6c c:/gcc_toolchain/6_2017-q1-update/bin/../lib/gcc/arm-none-eabi/6.3.1/thumb/v7e-m/fpv5-sp/hard/crtbegin.o
 *fill*         0x0800023c        0x4 
 .text          0x08000240       0xa0 c:/gcc_toolchain/6_2017-q1-update/bin/../lib/gcc/arm-none-eabi/6.3.1/../../../../arm-none-eabi/lib/thumb/v7e-m/fpv5-sp/hard\libc_nano.a(lib_a-memchr.o)
                0x08000240                memchr
 .text          0x080002e0       0x30 c:/gcc_toolchain/6_2017-q1-update/bin/../lib/gcc/arm-none-eabi/6.3.1/thumb/v7e-m/fpv5-sp/hard\libgcc.a(_aeabi_uldivmod.o)
                0x080002e0                __aeabi_uldivmod
 .text          0x08000310      0x2dc c:/gcc_toolchain/6_2017-q1-update/bin/../lib/gcc/arm-none-eabi/6.3.1/thumb/v7e-m/fpv5-sp/hard\libgcc.a(_udivmoddi4.o)
                0x08000310                __udivmoddi4
 .text          0x080005ec        0x4 c:/gcc_toolchain/6_2017-q1-update/bin/../lib/gcc/arm-none-eabi/6.3.1/thumb/v7e-m/fpv5-sp/hard\libgcc.a(_dvmd_tls.o)
                0x080005ec                __aeabi_idiv0
                0x080005ec                __aeabi_ldiv0
 *(.text*)
 .text.MX_SDMMC1_SD_Init
                0x080005f0       0x20 build/main.o
 .text.MX_GPIO_Init
                0x08000610      0x2a0 build/main.o
 .text.lcd_start
                0x080008b0       0x6c build/main.o
 .text.clearTable
                0x0800091c       0x40 build/main.o
                0x0800091c                clearTable
 .text.setGameOfLife
                0x0800095c      0x1b4 build/main.o
                0x0800095c                setGameOfLife
 .text.setEvolution
                0x08000b10       0x3c build/main.o
                0x08000b10                setEvolution
 .text.setQueenBee
                0x08000b4c       0x6c build/main.o
                0x08000b4c                setQueenBee
 .text.setHertzOscillator
                0x08000bb8       0xa8 build/main.o
                0x08000bb8                setHertzOscillator
 .text.setFigureEigth
                0x08000c60       0x64 build/main.o
                0x08000c60                setFigureEigth
 .text.setCopperhead
                0x08000cc4       0x8c build/main.o
                0x08000cc4                setCopperhead
 .text.setCloverleaf
                0x08000d50       0xbc build/main.o
                0x08000d50                setCloverleaf
 .text.setLWSS  0x08000e0c       0x4c build/main.o
                0x08000e0c                setLWSS
 .text.setBeacon
                0x08000e58       0x34 build/main.o
                0x08000e58                setBeacon
 .text.setPulsar
                0x08000e8c       0xdc build/main.o
                0x08000e8c                setPulsar
 .text.setCrocodile
                0x08000f68       0x64 build/main.o
                0x08000f68                setCrocodile
 .text.setFountain
                0x08000fcc       0x64 build/main.o
                0x08000fcc                setFountain
 .text.StartDefaultTask
                0x08001030      0x334 build/main.o
                0x08001030                StartDefaultTask
 .text.count_neighbours
                0x08001364       0x7c build/main.o
                0x08001364                count_neighbours
 .text.update_table
                0x080013e0       0xe8 build/main.o
                0x080013e0                update_table
 .text.ABS      0x080014c8        0x2 build/main.o
                0x080014c8                ABS
 .text.FillTriangle
                0x080014ca       0xf0 build/main.o
 .text.initialize_touchscreen
                0x080015ba       0x20 build/main.o
                0x080015ba                initialize_touchscreen
 *fill*         0x080015da        0x2 
 .text.init_background
                0x080015dc      0x26c build/main.o
                0x080015dc                init_background
 .text.draw_background
                0x08001848       0xf8 build/main.o
                0x08001848                draw_background
 .text.init_drawingbackground
                0x08001940      0x1dc build/main.o
                0x08001940                init_drawingbackground
 .text.draw_drawingbackground
                0x08001b1c      0x100 build/main.o
                0x08001b1c                draw_drawingbackground
 .text.StartTableTask
                0x08001c1c       0x60 build/main.o
                0x08001c1c                StartTableTask
 .text.__io_putchar
                0x08001c7c       0x18 build/main.o
                0x08001c7c                __io_putchar
 .text.HAL_TIM_PeriodElapsedCallback
                0x08001c94       0x18 build/main.o
                0x08001c94                HAL_TIM_PeriodElapsedCallback
 .text._Error_Handler
                0x08001cac        0x2 build/main.o
                0x08001cac                _Error_Handler
 *fill*         0x08001cae        0x2 
 .text.MX_ADC3_Init
                0x08001cb0       0x70 build/main.o
 .text.MX_CRC_Init
                0x08001d20       0x34 build/main.o
 .text.MX_DCMI_Init
                0x08001d54       0x40 build/main.o
 .text.MX_DMA2D_Init
                0x08001d94       0x4c build/main.o
 .text.MX_FMC_Init
                0x08001de0       0x6c build/main.o
 .text.MX_I2C1_Init
                0x08001e4c       0x68 build/main.o
 .text.MX_I2C3_Init
                0x08001eb4       0x68 build/main.o
 .text.MX_LTDC_Init
                0x08001f1c       0xb8 build/main.o
 .text.MX_QUADSPI_Init
                0x08001fd4       0x3c build/main.o
 .text.MX_RTC_Init
                0x08002010      0x104 build/main.o
 .text.MX_SAI2_Init
                0x08002114       0xb4 build/main.o
 .text.MX_SPDIFRX_Init
                0x080021c8       0x3c build/main.o
 .text.MX_SPI2_Init
                0x08002204       0x54 build/main.o
 .text.MX_TIM1_Init
                0x08002258       0xf0 build/main.o
 .text.MX_TIM2_Init
                0x08002348       0xa4 build/main.o
 .text.MX_TIM3_Init
                0x080023ec       0xa8 build/main.o
 .text.MX_TIM5_Init
                0x08002494       0xa8 build/main.o
 .text.MX_TIM8_Init
                0x0800253c       0x74 build/main.o
 .text.MX_TIM12_Init
                0x080025b0       0x60 build/main.o
 .text.MX_USART1_UART_Init
                0x08002610       0x40 build/main.o
 .text.MX_USART6_UART_Init
                0x08002650       0x40 build/main.o
 .text.MX_TIM7_Init
                0x08002690       0x50 build/main.o
 .text.SystemClock_Config
                0x080026e0      0x138 build/main.o
                0x080026e0                SystemClock_Config
 .text.main     0x08002818       0xb8 build/main.o
                0x08002818                main
 .text.MX_FATFS_Init
                0x080028d0       0x6c build/fatfs.o
                0x080028d0                MX_FATFS_Init
 .text.USBH_initialize
                0x0800293c        0x4 build/usbh_diskio.o
                0x0800293c                USBH_initialize
 .text.USBH_status
                0x08002940       0x18 build/usbh_diskio.o
                0x08002940                USBH_status
 .text.USBH_ioctl
                0x08002958       0x68 build/usbh_diskio.o
                0x08002958                USBH_ioctl
 .text.USBH_read
                0x080029c0       0x5c build/usbh_diskio.o
                0x080029c0                USBH_read
 .text.USBH_write
                0x08002a1c       0x7c build/usbh_diskio.o
                0x08002a1c                USBH_write
 .text.vApplicationIdleHook
                0x08002a98        0x2 build/freertos.o
                0x08002a98                vApplicationIdleHook
 .text.vApplicationStackOverflowHook
                0x08002a9a        0x2 build/freertos.o
                0x08002a9a                vApplicationStackOverflowHook
 .text.vApplicationMallocFailedHook
                0x08002a9c        0x2 build/freertos.o
                0x08002a9c                vApplicationMallocFailedHook
 *fill*         0x08002a9e        0x2 
 .text.HAL_ETH_RxCpltCallback
                0x08002aa0       0x10 build/ethernetif.o
                0x08002aa0                HAL_ETH_RxCpltCallback
 .text._sbrk    0x08002ab0       0x48 build/syscalls.o
                0x08002ab0                _sbrk
 .text._write   0x08002af8       0x1c build/syscalls.o
                0x08002af8                _write
 .text._close   0x08002b14        0x6 build/syscalls.o
                0x08002b14                _close
 .text._fstat   0x08002b1a        0xa build/syscalls.o
                0x08002b1a                _fstat
 .text._isatty  0x08002b24        0x4 build/syscalls.o
                0x08002b24                _isatty
 .text._lseek   0x08002b28        0x4 build/syscalls.o
                0x08002b28                _lseek
 .text._read    0x08002b2c       0x1e build/syscalls.o
                0x08002b2c                _read
 *fill*         0x08002b4a        0x2 
 .text.USBH_UserProcess
                0x08002b4c       0x2c build/usb_host.o
 .text.MX_USB_HOST_Init
                0x08002b78       0x2c build/usb_host.o
                0x08002b78                MX_USB_HOST_Init
 .text.HAL_HCD_MspInit
                0x08002ba4       0x70 build/usbh_conf.o
                0x08002ba4                HAL_HCD_MspInit
 .text.HAL_HCD_SOF_Callback
                0x08002c14        0xc build/usbh_conf.o
                0x08002c14                HAL_HCD_SOF_Callback
 .text.HAL_HCD_Connect_Callback
                0x08002c20        0xc build/usbh_conf.o
                0x08002c20                HAL_HCD_Connect_Callback
 .text.HAL_HCD_Disconnect_Callback
                0x08002c2c        0xc build/usbh_conf.o
                0x08002c2c                HAL_HCD_Disconnect_Callback
 .text.HAL_HCD_HC_NotifyURBChange_Callback
                0x08002c38        0xc build/usbh_conf.o
                0x08002c38                HAL_HCD_HC_NotifyURBChange_Callback
 .text.HAL_HCD_PortEnabled_Callback
                0x08002c44        0xc build/usbh_conf.o
                0x08002c44                HAL_HCD_PortEnabled_Callback
 .text.HAL_HCD_PortDisabled_Callback
                0x08002c50        0xc build/usbh_conf.o
                0x08002c50                HAL_HCD_PortDisabled_Callback
 .text.USBH_LL_Init
                0x08002c5c       0x5c build/usbh_conf.o
                0x08002c5c                USBH_LL_Init
 .text.USBH_LL_Start
                0x08002cb8       0x1c build/usbh_conf.o
                0x08002cb8                USBH_LL_Start
 .text.USBH_LL_Stop
                0x08002cd4       0x1c build/usbh_conf.o
                0x08002cd4                USBH_LL_Stop
 .text.USBH_LL_GetSpeed
                0x08002cf0       0x1c build/usbh_conf.o
                0x08002cf0                USBH_LL_GetSpeed
 .text.USBH_LL_ResetPort
                0x08002d0c       0x1c build/usbh_conf.o
                0x08002d0c                USBH_LL_ResetPort
 .text.USBH_LL_GetLastXferSize
                0x08002d28        0xc build/usbh_conf.o
                0x08002d28                USBH_LL_GetLastXferSize
 .text.USBH_LL_OpenPipe
                0x08002d34       0x32 build/usbh_conf.o
                0x08002d34                USBH_LL_OpenPipe
 .text.USBH_LL_ClosePipe
                0x08002d66       0x1c build/usbh_conf.o
                0x08002d66                USBH_LL_ClosePipe
 .text.USBH_LL_SubmitURB
                0x08002d82       0x36 build/usbh_conf.o
                0x08002d82                USBH_LL_SubmitURB
 .text.USBH_LL_GetURBState
                0x08002db8        0xc build/usbh_conf.o
                0x08002db8                USBH_LL_GetURBState
 .text.USBH_LL_DriverVBUS
                0x08002dc4       0x1c build/usbh_conf.o
                0x08002dc4                USBH_LL_DriverVBUS
 .text.USBH_LL_SetToggle
                0x08002de0       0x32 build/usbh_conf.o
                0x08002de0                USBH_LL_SetToggle
 .text.USBH_LL_GetToggle
                0x08002e12       0x2a build/usbh_conf.o
                0x08002e12                USBH_LL_GetToggle
 .text.USBH_Delay
                0x08002e3c        0x8 build/usbh_conf.o
                0x08002e3c                USBH_Delay
 .text.MX_DriverVbusFS
                0x08002e44       0x18 build/usbh_platform.o
                0x08002e44                MX_DriverVbusFS
 .text.HL_Default_Handler
                0x08002e5c       0x10 build/stm32f7xx_it.o
                0x08002e5c                HL_Default_Handler
 .text.DMA2_Stream7_IRQHandler
                0x08002e6c       0x10 build/stm32f7xx_it.o
                0x08002e6c                DMA2_Stream7_IRQHandler
 .text.DMA2_Stream4_IRQHandler
                0x08002e7c       0x10 build/stm32f7xx_it.o
                0x08002e7c                DMA2_Stream4_IRQHandler
 .text.NMI_Handler
                0x08002e8c        0x2 build/stm32f7xx_it.o
                0x08002e8c                NMI_Handler
 .text.HardFault_Handler
                0x08002e8e        0x2 build/stm32f7xx_it.o
                0x08002e8e                HardFault_Handler
 .text.MemManage_Handler
                0x08002e90        0x2 build/stm32f7xx_it.o
                0x08002e90                MemManage_Handler
 .text.BusFault_Handler
                0x08002e92        0x2 build/stm32f7xx_it.o
                0x08002e92                BusFault_Handler
 .text.UsageFault_Handler
                0x08002e94        0x2 build/stm32f7xx_it.o
                0x08002e94                UsageFault_Handler
 .text.DebugMon_Handler
                0x08002e96        0x2 build/stm32f7xx_it.o
                0x08002e96                DebugMon_Handler
 .text.SysTick_Handler
                0x08002e98        0x8 build/stm32f7xx_it.o
                0x08002e98                SysTick_Handler
 .text.TIM6_DAC_IRQHandler
                0x08002ea0       0x10 build/stm32f7xx_it.o
                0x08002ea0                TIM6_DAC_IRQHandler
 .text.ETH_IRQHandler
                0x08002eb0       0x10 build/stm32f7xx_it.o
                0x08002eb0                ETH_IRQHandler
 .text.OTG_FS_IRQHandler
                0x08002ec0       0x10 build/stm32f7xx_it.o
                0x08002ec0                OTG_FS_IRQHandler
 .text.LTDC_IRQHandler
                0x08002ed0       0x10 build/stm32f7xx_it.o
                0x08002ed0                LTDC_IRQHandler
 .text.DMA2D_IRQHandler
                0x08002ee0       0x10 build/stm32f7xx_it.o
                0x08002ee0                DMA2D_IRQHandler
 .text.HAL_FMC_MspInit
                0x08002ef0       0xd4 build/stm32f7xx_hal_msp.o
 .text.HAL_MspInit
                0x08002fc4       0x90 build/stm32f7xx_hal_msp.o
                0x08002fc4                HAL_MspInit
 .text.HAL_ADC_MspInit
                0x08003054       0x5c build/stm32f7xx_hal_msp.o
                0x08003054                HAL_ADC_MspInit
 .text.HAL_CRC_MspInit
                0x080030b0       0x2c build/stm32f7xx_hal_msp.o
                0x080030b0                HAL_CRC_MspInit
 .text.HAL_DCMI_MspInit
                0x080030dc       0xb0 build/stm32f7xx_hal_msp.o
                0x080030dc                HAL_DCMI_MspInit
 .text.HAL_DMA2D_MspInit
                0x0800318c       0x40 build/stm32f7xx_hal_msp.o
                0x0800318c                HAL_DMA2D_MspInit
 .text.HAL_I2C_MspInit
                0x080031cc       0x94 build/stm32f7xx_hal_msp.o
                0x080031cc                HAL_I2C_MspInit
 .text.HAL_I2C_MspDeInit
                0x08003260       0x54 build/stm32f7xx_hal_msp.o
                0x08003260                HAL_I2C_MspDeInit
 .text.HAL_LTDC_MspInit
                0x080032b4       0xc4 build/stm32f7xx_hal_msp.o
                0x080032b4                HAL_LTDC_MspInit
 .text.HAL_QSPI_MspInit
                0x08003378       0xac build/stm32f7xx_hal_msp.o
                0x08003378                HAL_QSPI_MspInit
 .text.HAL_RTC_MspInit
                0x08003424       0x20 build/stm32f7xx_hal_msp.o
                0x08003424                HAL_RTC_MspInit
 .text.HAL_SD_MspInit
                0x08003444       0x68 build/stm32f7xx_hal_msp.o
                0x08003444                HAL_SD_MspInit
 .text.HAL_SPDIFRX_MspInit
                0x080034ac       0x48 build/stm32f7xx_hal_msp.o
                0x080034ac                HAL_SPDIFRX_MspInit
 .text.HAL_SPI_MspInit
                0x080034f4       0x64 build/stm32f7xx_hal_msp.o
                0x080034f4                HAL_SPI_MspInit
 .text.HAL_TIM_Base_MspInit
                0x08003558       0xcc build/stm32f7xx_hal_msp.o
                0x08003558                HAL_TIM_Base_MspInit
 .text.HAL_TIM_PWM_MspInit
                0x08003624       0x2c build/stm32f7xx_hal_msp.o
                0x08003624                HAL_TIM_PWM_MspInit
 .text.HAL_TIM_MspPostInit
                0x08003650       0xd8 build/stm32f7xx_hal_msp.o
                0x08003650                HAL_TIM_MspPostInit
 .text.HAL_UART_MspInit
                0x08003728       0xa8 build/stm32f7xx_hal_msp.o
                0x08003728                HAL_UART_MspInit
 .text.HAL_SDRAM_MspInit
                0x080037d0        0x8 build/stm32f7xx_hal_msp.o
                0x080037d0                HAL_SDRAM_MspInit
 .text.HAL_SAI_MspInit
                0x080037d8       0xac build/stm32f7xx_hal_msp.o
                0x080037d8                HAL_SAI_MspInit
 .text.HAL_InitTick
                0x08003884       0x7c build/stm32f7xx_hal_timebase_TIM.o
                0x08003884                HAL_InitTick
 .text.HAL_ETH_TxCpltCallback
                0x08003900        0x2 build/stm32f7xx_hal_eth.o
                0x08003900                HAL_ETH_TxCpltCallback
 .text.HAL_ETH_ErrorCallback
                0x08003902        0x2 build/stm32f7xx_hal_eth.o
                0x08003902                HAL_ETH_ErrorCallback
 .text.HAL_ETH_IRQHandler
                0x08003904       0x8c build/stm32f7xx_hal_eth.o
                0x08003904                HAL_ETH_IRQHandler
 .text.HCD_RXQLVL_IRQHandler
                0x08003990       0x7c build/stm32f7xx_hal_hcd.o
 .text.HAL_HCD_HC_Init
                0x08003a0c       0xa0 build/stm32f7xx_hal_hcd.o
                0x08003a0c                HAL_HCD_HC_Init
 .text.HAL_HCD_HC_Halt
                0x08003aac       0x24 build/stm32f7xx_hal_hcd.o
                0x08003aac                HAL_HCD_HC_Halt
 .text.HAL_HCD_Init
                0x08003ad0       0x84 build/stm32f7xx_hal_hcd.o
                0x08003ad0                HAL_HCD_Init
 .text.HAL_HCD_HC_SubmitRequest
                0x08003b54      0x18c build/stm32f7xx_hal_hcd.o
                0x08003b54                HAL_HCD_HC_SubmitRequest
 .text.HCD_Port_IRQHandler
                0x08003ce0       0xd4 build/stm32f7xx_hal_hcd.o
 .text.HCD_HC_IN_IRQHandler
                0x08003db4      0x2c0 build/stm32f7xx_hal_hcd.o
 .text.HCD_HC_OUT_IRQHandler
                0x08004074      0x2bc build/stm32f7xx_hal_hcd.o
 .text.HAL_HCD_IRQHandler
                0x08004330      0x152 build/stm32f7xx_hal_hcd.o
                0x08004330                HAL_HCD_IRQHandler
 .text.HAL_HCD_Start
                0x08004482       0x2c build/stm32f7xx_hal_hcd.o
                0x08004482                HAL_HCD_Start
 .text.HAL_HCD_Stop
                0x080044ae       0x24 build/stm32f7xx_hal_hcd.o
                0x080044ae                HAL_HCD_Stop
 .text.HAL_HCD_ResetPort
                0x080044d2        0xa build/stm32f7xx_hal_hcd.o
                0x080044d2                HAL_HCD_ResetPort
 .text.HAL_HCD_HC_GetURBState
                0x080044dc        0xe build/stm32f7xx_hal_hcd.o
                0x080044dc                HAL_HCD_HC_GetURBState
 .text.HAL_HCD_HC_GetXferCount
                0x080044ea        0xc build/stm32f7xx_hal_hcd.o
                0x080044ea                HAL_HCD_HC_GetXferCount
 .text.HAL_HCD_GetCurrentFrame
                0x080044f6        0xa build/stm32f7xx_hal_hcd.o
                0x080044f6                HAL_HCD_GetCurrentFrame
 .text.HAL_HCD_GetCurrentSpeed
                0x08004500        0xa build/stm32f7xx_hal_hcd.o
                0x08004500                HAL_HCD_GetCurrentSpeed
 *fill*         0x0800450a        0x2 
 .text.USB_CoreReset
                0x0800450c       0x3c build/stm32f7xx_ll_usb.o
 .text.USB_CoreInit
                0x08004548       0x7c build/stm32f7xx_ll_usb.o
                0x08004548                USB_CoreInit
 .text.USB_EnableGlobalInt
                0x080045c4        0xc build/stm32f7xx_ll_usb.o
                0x080045c4                USB_EnableGlobalInt
 .text.USB_DisableGlobalInt
                0x080045d0        0xc build/stm32f7xx_ll_usb.o
                0x080045d0                USB_DisableGlobalInt
 .text.USB_SetCurrentMode
                0x080045dc       0x30 build/stm32f7xx_ll_usb.o
                0x080045dc                USB_SetCurrentMode
 .text.USB_FlushTxFifo
                0x0800460c       0x28 build/stm32f7xx_ll_usb.o
                0x0800460c                USB_FlushTxFifo
 .text.USB_FlushRxFifo
                0x08004634       0x24 build/stm32f7xx_ll_usb.o
                0x08004634                USB_FlushRxFifo
 .text.USB_WritePacket
                0x08004658       0x28 build/stm32f7xx_ll_usb.o
                0x08004658                USB_WritePacket
 .text.USB_ReadPacket
                0x08004680       0x28 build/stm32f7xx_ll_usb.o
                0x08004680                USB_ReadPacket
 .text.USB_ReadInterrupts
                0x080046a8        0x8 build/stm32f7xx_ll_usb.o
                0x080046a8                USB_ReadInterrupts
 .text.USB_GetMode
                0x080046b0        0x8 build/stm32f7xx_ll_usb.o
                0x080046b0                USB_GetMode
 .text.USB_InitFSLSPClkSel
                0x080046b8       0x40 build/stm32f7xx_ll_usb.o
                0x080046b8                USB_InitFSLSPClkSel
 .text.USB_ResetPort
                0x080046f8       0x3e build/stm32f7xx_ll_usb.o
                0x080046f8                USB_ResetPort
 .text.USB_DriveVbus
                0x08004736       0x46 build/stm32f7xx_ll_usb.o
                0x08004736                USB_DriveVbus
 .text.USB_HostInit
                0x0800477c       0xdc build/stm32f7xx_ll_usb.o
                0x0800477c                USB_HostInit
 .text.USB_GetHostSpeed
                0x08004858       0x16 build/stm32f7xx_ll_usb.o
                0x08004858                USB_GetHostSpeed
 .text.USB_GetCurrentFrame
                0x0800486e        0xa build/stm32f7xx_ll_usb.o
                0x0800486e                USB_GetCurrentFrame
 .text.USB_HC_Init
                0x08004878      0x102 build/stm32f7xx_ll_usb.o
                0x08004878                USB_HC_Init
 .text.USB_HC_ReadInterrupt
                0x0800497a        0xa build/stm32f7xx_ll_usb.o
                0x0800497a                USB_HC_ReadInterrupt
 .text.USB_HC_Halt
                0x08004984       0xd2 build/stm32f7xx_ll_usb.o
                0x08004984                USB_HC_Halt
 *fill*         0x08004a56        0x2 
 .text.USB_DoPing
                0x08004a58       0x24 build/stm32f7xx_ll_usb.o
                0x08004a58                USB_DoPing
 .text.USB_HC_StartXfer
                0x08004a7c      0x158 build/stm32f7xx_ll_usb.o
                0x08004a7c                USB_HC_StartXfer
 .text.USB_StopHost
                0x08004bd4       0x7e build/stm32f7xx_ll_usb.o
                0x08004bd4                USB_StopHost
 *fill*         0x08004c52        0x2 
 .text.ADC_Init
                0x08004c54      0x130 build/stm32f7xx_hal_adc.o
 .text.HAL_ADC_Init
                0x08004d84       0x54 build/stm32f7xx_hal_adc.o
                0x08004d84                HAL_ADC_Init
 .text.HAL_ADC_ConfigChannel
                0x08004dd8      0x1ac build/stm32f7xx_hal_adc.o
                0x08004dd8                HAL_ADC_ConfigChannel
 .text.HAL_NVIC_SetPriorityGrouping
                0x08004f84       0x24 build/stm32f7xx_hal_cortex.o
                0x08004f84                HAL_NVIC_SetPriorityGrouping
 .text.HAL_NVIC_SetPriority
                0x08004fa8       0x60 build/stm32f7xx_hal_cortex.o
                0x08004fa8                HAL_NVIC_SetPriority
 .text.HAL_NVIC_EnableIRQ
                0x08005008       0x18 build/stm32f7xx_hal_cortex.o
                0x08005008                HAL_NVIC_EnableIRQ
 .text.HAL_SYSTICK_Config
                0x08005020       0x2c build/stm32f7xx_hal_cortex.o
                0x08005020                HAL_SYSTICK_Config
 .text.HAL_SYSTICK_CLKSourceConfig
                0x0800504c       0x20 build/stm32f7xx_hal_cortex.o
                0x0800504c                HAL_SYSTICK_CLKSourceConfig
 .text.HAL_CRC_Init
                0x0800506c       0x80 build/stm32f7xx_hal_crc.o
                0x0800506c                HAL_CRC_Init
 .text.HAL_CRCEx_Polynomial_Set
                0x080050ec       0x56 build/stm32f7xx_hal_crc_ex.o
                0x080050ec                HAL_CRCEx_Polynomial_Set
 *fill*         0x08005142        0x2 
 .text.HAL_DCMI_Init
                0x08005144       0x98 build/stm32f7xx_hal_dcmi.o
                0x08005144                HAL_DCMI_Init
 .text.DMA2D_SetConfig
                0x080051dc       0x8c build/stm32f7xx_hal_dma2d.o
 .text.HAL_DMA2D_Init
                0x08005268       0x5c build/stm32f7xx_hal_dma2d.o
                0x08005268                HAL_DMA2D_Init
 .text.HAL_DMA2D_Start
                0x080052c4       0x38 build/stm32f7xx_hal_dma2d.o
                0x080052c4                HAL_DMA2D_Start
 .text.HAL_DMA2D_PollForTransfer
                0x080052fc      0x13e build/stm32f7xx_hal_dma2d.o
                0x080052fc                HAL_DMA2D_PollForTransfer
 .text.HAL_DMA2D_LineEventCallback
                0x0800543a        0x2 build/stm32f7xx_hal_dma2d.o
                0x0800543a                HAL_DMA2D_LineEventCallback
 .text.HAL_DMA2D_CLUTLoadingCpltCallback
                0x0800543c        0x2 build/stm32f7xx_hal_dma2d.o
                0x0800543c                HAL_DMA2D_CLUTLoadingCpltCallback
 .text.HAL_DMA2D_IRQHandler
                0x0800543e      0x13c build/stm32f7xx_hal_dma2d.o
                0x0800543e                HAL_DMA2D_IRQHandler
 *fill*         0x0800557a        0x2 
 .text.HAL_DMA2D_ConfigLayer
                0x0800557c       0xc4 build/stm32f7xx_hal_dma2d.o
                0x0800557c                HAL_DMA2D_ConfigLayer
 .text.FMC_SDRAM_Init
                0x08005640       0x74 build/stm32f7xx_ll_fmc.o
                0x08005640                FMC_SDRAM_Init
 .text.FMC_SDRAM_Timing_Init
                0x080056b4       0x98 build/stm32f7xx_ll_fmc.o
                0x080056b4                FMC_SDRAM_Timing_Init
 .text.FMC_SDRAM_SendCommand
                0x0800574c       0x2c build/stm32f7xx_ll_fmc.o
                0x0800574c                FMC_SDRAM_SendCommand
 .text.FMC_SDRAM_ProgramRefreshRate
                0x08005778        0xc build/stm32f7xx_ll_fmc.o
                0x08005778                FMC_SDRAM_ProgramRefreshRate
 .text.HAL_SDRAM_Init
                0x08005784       0x3e build/stm32f7xx_hal_sdram.o
                0x08005784                HAL_SDRAM_Init
 .text.HAL_SDRAM_SendCommand
                0x080057c2       0x3a build/stm32f7xx_hal_sdram.o
                0x080057c2                HAL_SDRAM_SendCommand
 .text.HAL_SDRAM_ProgramRefreshRate
                0x080057fc       0x28 build/stm32f7xx_hal_sdram.o
                0x080057fc                HAL_SDRAM_ProgramRefreshRate
 .text.I2C_Flush_TXDR
                0x08005824       0x22 build/stm32f7xx_hal_i2c.o
 .text.I2C_TransferConfig
                0x08005846       0x36 build/stm32f7xx_hal_i2c.o
 .text.I2C_IsAcknowledgeFailed
                0x0800587c       0x82 build/stm32f7xx_hal_i2c.o
 .text.I2C_WaitOnTXISFlagUntilTimeout
                0x080058fe       0x54 build/stm32f7xx_hal_i2c.o
 .text.I2C_WaitOnFlagUntilTimeout
                0x08005952       0x48 build/stm32f7xx_hal_i2c.o
 *fill*         0x0800599a        0x2 
 .text.I2C_RequestMemoryWrite
                0x0800599c       0x88 build/stm32f7xx_hal_i2c.o
 .text.I2C_RequestMemoryRead
                0x08005a24       0x84 build/stm32f7xx_hal_i2c.o
 .text.I2C_WaitOnSTOPFlagUntilTimeout
                0x08005aa8       0x4e build/stm32f7xx_hal_i2c.o
 *fill*         0x08005af6        0x2 
 .text.HAL_I2C_Init
                0x08005af8       0xbc build/stm32f7xx_hal_i2c.o
                0x08005af8                HAL_I2C_Init
 .text.HAL_I2C_DeInit
                0x08005bb4       0x32 build/stm32f7xx_hal_i2c.o
                0x08005bb4                HAL_I2C_DeInit
 .text.HAL_I2C_Mem_Write
                0x08005be6      0x1c4 build/stm32f7xx_hal_i2c.o
                0x08005be6                HAL_I2C_Mem_Write
 *fill*         0x08005daa        0x2 
 .text.HAL_I2C_Mem_Read
                0x08005dac      0x1c4 build/stm32f7xx_hal_i2c.o
                0x08005dac                HAL_I2C_Mem_Read
 .text.HAL_I2C_GetState
                0x08005f70        0x6 build/stm32f7xx_hal_i2c.o
                0x08005f70                HAL_I2C_GetState
 .text.HAL_I2CEx_ConfigAnalogFilter
                0x08005f76       0x5c build/stm32f7xx_hal_i2c_ex.o
                0x08005f76                HAL_I2CEx_ConfigAnalogFilter
 .text.HAL_I2CEx_ConfigDigitalFilter
                0x08005fd2       0x58 build/stm32f7xx_hal_i2c_ex.o
                0x08005fd2                HAL_I2CEx_ConfigDigitalFilter
 *fill*         0x0800602a        0x2 
 .text.LTDC_SetConfig
                0x0800602c      0x190 build/stm32f7xx_hal_ltdc.o
 .text.HAL_LTDC_Init
                0x080061bc       0xfc build/stm32f7xx_hal_ltdc.o
                0x080061bc                HAL_LTDC_Init
 .text.HAL_LTDC_ErrorCallback
                0x080062b8        0x2 build/stm32f7xx_hal_ltdc.o
                0x080062b8                HAL_LTDC_ErrorCallback
 .text.HAL_LTDC_LineEventCallback
                0x080062ba        0x2 build/stm32f7xx_hal_ltdc.o
                0x080062ba                HAL_LTDC_LineEventCallback
 .text.HAL_LTDC_ReloadEventCallback
                0x080062bc        0x2 build/stm32f7xx_hal_ltdc.o
                0x080062bc                HAL_LTDC_ReloadEventCallback
 .text.HAL_LTDC_IRQHandler
                0x080062be       0xe6 build/stm32f7xx_hal_ltdc.o
                0x080062be                HAL_LTDC_IRQHandler
 .text.HAL_LTDC_ConfigLayer
                0x080063a4       0x5c build/stm32f7xx_hal_ltdc.o
                0x080063a4                HAL_LTDC_ConfigLayer
 .text.HAL_LTDC_ConfigColorKeying
                0x08006400       0x48 build/stm32f7xx_hal_ltdc.o
                0x08006400                HAL_LTDC_ConfigColorKeying
 .text.HAL_LTDC_EnableColorKeying
                0x08006448       0x3c build/stm32f7xx_hal_ltdc.o
                0x08006448                HAL_LTDC_EnableColorKeying
 .text.HAL_LTDC_SetAlpha
                0x08006484       0x42 build/stm32f7xx_hal_ltdc.o
                0x08006484                HAL_LTDC_SetAlpha
 .text.HAL_LTDC_GetState
                0x080064c6        0x6 build/stm32f7xx_hal_ltdc.o
                0x080064c6                HAL_LTDC_GetState
 .text.QSPI_WaitFlagStateUntilTimeout
                0x080064cc       0x4c build/stm32f7xx_hal_qspi.o
 .text.HAL_QSPI_SetTimeout
                0x08006518        0x4 build/stm32f7xx_hal_qspi.o
                0x08006518                HAL_QSPI_SetTimeout
 .text.HAL_QSPI_Init
                0x0800651c       0xc8 build/stm32f7xx_hal_qspi.o
                0x0800651c                HAL_QSPI_Init
 .text.HAL_RTC_WaitForSynchro
                0x080065e4       0x32 build/stm32f7xx_hal_rtc.o
                0x080065e4                HAL_RTC_WaitForSynchro
 .text.RTC_EnterInitMode
                0x08006616       0x3c build/stm32f7xx_hal_rtc.o
                0x08006616                RTC_EnterInitMode
 *fill*         0x08006652        0x2 
 .text.HAL_RTC_Init
                0x08006654       0xa4 build/stm32f7xx_hal_rtc.o
                0x08006654                HAL_RTC_Init
 .text.RTC_ByteToBcd2
                0x080066f8       0x16 build/stm32f7xx_hal_rtc.o
                0x080066f8                RTC_ByteToBcd2
 *fill*         0x0800670e        0x2 
 .text.HAL_RTC_SetDate
                0x08006710       0xdc build/stm32f7xx_hal_rtc.o
                0x08006710                HAL_RTC_SetDate
 .text.HAL_RTC_SetTime
                0x080067ec      0x100 build/stm32f7xx_hal_rtc.o
                0x080067ec                HAL_RTC_SetTime
 .text.HAL_RTC_SetAlarm
                0x080068ec      0x160 build/stm32f7xx_hal_rtc.o
                0x080068ec                HAL_RTC_SetAlarm
 .text.HAL_RTCEx_SetTimeStamp
                0x08006a4c       0x5c build/stm32f7xx_hal_rtc_ex.o
                0x08006a4c                HAL_RTCEx_SetTimeStamp
 .text.SAI_Disable
                0x08006aa8       0x44 build/stm32f7xx_hal_sai.o
 .text.HAL_SAI_Init
                0x08006aec      0x200 build/stm32f7xx_hal_sai.o
                0x08006aec                HAL_SAI_Init
 .text.SDMMC_GetCmdError
                0x08006cec       0x3c build/stm32f7xx_ll_sdmmc.o
 .text.SDMMC_GetCmdResp2
                0x08006d28       0x5c build/stm32f7xx_ll_sdmmc.o
 .text.SDMMC_GetCmdResp3
                0x08006d84       0x4c build/stm32f7xx_ll_sdmmc.o
 .text.SDMMC_GetCmdResp7
                0x08006dd0       0x54 build/stm32f7xx_ll_sdmmc.o
 .text.SDMMC_Init
                0x08006e24       0x38 build/stm32f7xx_ll_sdmmc.o
                0x08006e24                SDMMC_Init
 .text.SDMMC_ReadFIFO
                0x08006e5c        0x6 build/stm32f7xx_ll_sdmmc.o
                0x08006e5c                SDMMC_ReadFIFO
 .text.SDMMC_WriteFIFO
                0x08006e62        0xa build/stm32f7xx_ll_sdmmc.o
                0x08006e62                SDMMC_WriteFIFO
 .text.SDMMC_PowerState_ON
                0x08006e6c        0x8 build/stm32f7xx_ll_sdmmc.o
                0x08006e6c                SDMMC_PowerState_ON
 .text.SDMMC_GetPowerState
                0x08006e74        0x8 build/stm32f7xx_ll_sdmmc.o
                0x08006e74                SDMMC_GetPowerState
 .text.SDMMC_SendCommand
                0x08006e7c       0x24 build/stm32f7xx_ll_sdmmc.o
                0x08006e7c                SDMMC_SendCommand
 .text.SDMMC_GetCommandResponse
                0x08006ea0        0x6 build/stm32f7xx_ll_sdmmc.o
                0x08006ea0                SDMMC_GetCommandResponse
 .text.SDMMC_GetResponse
                0x08006ea6       0x14 build/stm32f7xx_ll_sdmmc.o
                0x08006ea6                SDMMC_GetResponse
 *fill*         0x08006eba        0x2 
 .text.SDMMC_GetCmdResp1
                0x08006ebc      0x158 build/stm32f7xx_ll_sdmmc.o
 .text.SDMMC_GetCmdResp6
                0x08007014       0xa0 build/stm32f7xx_ll_sdmmc.o
 .text.SDMMC_ConfigData
                0x080070b4       0x24 build/stm32f7xx_ll_sdmmc.o
                0x080070b4                SDMMC_ConfigData
 .text.SDMMC_CmdBlockLength
                0x080070d8       0x30 build/stm32f7xx_ll_sdmmc.o
                0x080070d8                SDMMC_CmdBlockLength
 .text.SDMMC_CmdReadSingleBlock
                0x08007108       0x30 build/stm32f7xx_ll_sdmmc.o
                0x08007108                SDMMC_CmdReadSingleBlock
 .text.SDMMC_CmdReadMultiBlock
                0x08007138       0x30 build/stm32f7xx_ll_sdmmc.o
                0x08007138                SDMMC_CmdReadMultiBlock
 .text.SDMMC_CmdWriteSingleBlock
                0x08007168       0x30 build/stm32f7xx_ll_sdmmc.o
                0x08007168                SDMMC_CmdWriteSingleBlock
 .text.SDMMC_CmdWriteMultiBlock
                0x08007198       0x30 build/stm32f7xx_ll_sdmmc.o
                0x08007198                SDMMC_CmdWriteMultiBlock
 .text.SDMMC_CmdStopTransfer
                0x080071c8       0x34 build/stm32f7xx_ll_sdmmc.o
                0x080071c8                SDMMC_CmdStopTransfer
 .text.SDMMC_CmdSelDesel
                0x080071fc       0x30 build/stm32f7xx_ll_sdmmc.o
                0x080071fc                SDMMC_CmdSelDesel
 .text.SDMMC_CmdGoIdleState
                0x0800722c       0x26 build/stm32f7xx_ll_sdmmc.o
                0x0800722c                SDMMC_CmdGoIdleState
 .text.SDMMC_CmdOperCond
                0x08007252       0x2e build/stm32f7xx_ll_sdmmc.o
                0x08007252                SDMMC_CmdOperCond
 .text.SDMMC_CmdAppCommand
                0x08007280       0x30 build/stm32f7xx_ll_sdmmc.o
                0x08007280                SDMMC_CmdAppCommand
 .text.SDMMC_CmdAppOperCommand
                0x080072b0       0x34 build/stm32f7xx_ll_sdmmc.o
                0x080072b0                SDMMC_CmdAppOperCommand
 .text.SDMMC_CmdBusWidth
                0x080072e4       0x30 build/stm32f7xx_ll_sdmmc.o
                0x080072e4                SDMMC_CmdBusWidth
 .text.SDMMC_CmdSendSCR
                0x08007314       0x30 build/stm32f7xx_ll_sdmmc.o
                0x08007314                SDMMC_CmdSendSCR
 .text.SDMMC_CmdSendCID
                0x08007344       0x2a build/stm32f7xx_ll_sdmmc.o
                0x08007344                SDMMC_CmdSendCID
 .text.SDMMC_CmdSendCSD
                0x0800736e       0x2a build/stm32f7xx_ll_sdmmc.o
                0x0800736e                SDMMC_CmdSendCSD
 .text.SDMMC_CmdSetRelAdd
                0x08007398       0x30 build/stm32f7xx_ll_sdmmc.o
                0x08007398                SDMMC_CmdSetRelAdd
 .text.SDMMC_CmdSendStatus
                0x080073c8       0x30 build/stm32f7xx_ll_sdmmc.o
                0x080073c8                SDMMC_CmdSendStatus
 .text.SD_DMATransmitCplt
                0x080073f8        0xe build/stm32f7xx_hal_sd.o
 .text.SD_PowerON
                0x08007406       0xd4 build/stm32f7xx_hal_sd.o
 .text.SD_Read_IT
                0x080074da       0x24 build/stm32f7xx_hal_sd.o
 .text.SD_Write_IT
                0x080074fe       0x24 build/stm32f7xx_hal_sd.o
 .text.SD_FindSCR
                0x08007522      0x106 build/stm32f7xx_hal_sd.o
 .text.SD_WideBus_Enable
                0x08007628       0x5a build/stm32f7xx_hal_sd.o
 .text.SD_WideBus_Disable
                0x08007682       0x5a build/stm32f7xx_hal_sd.o
 .text.SD_SendStatus
                0x080076dc       0x2a build/stm32f7xx_hal_sd.o
 *fill*         0x08007706        0x2 
 .text.HAL_SD_ReadBlocks_DMA
                0x08007708      0x110 build/stm32f7xx_hal_sd.o
                0x08007708                HAL_SD_ReadBlocks_DMA
 .text.HAL_SD_WriteBlocks_DMA
                0x08007818      0x110 build/stm32f7xx_hal_sd.o
                0x08007818                HAL_SD_WriteBlocks_DMA
 .text.HAL_SD_ErrorCallback
                0x08007928        0x2 build/stm32f7xx_hal_sd.o
                0x08007928                HAL_SD_ErrorCallback
 .text.SD_DMAReceiveCplt
                0x0800792a       0x44 build/stm32f7xx_hal_sd.o
 .text.HAL_SD_GetCardCSD
                0x0800796e      0x1e4 build/stm32f7xx_hal_sd.o
                0x0800796e                HAL_SD_GetCardCSD
 .text.SD_InitCard
                0x08007b52       0xf4 build/stm32f7xx_hal_sd.o
 .text.HAL_SD_InitCard
                0x08007c46       0x80 build/stm32f7xx_hal_sd.o
                0x08007c46                HAL_SD_InitCard
 .text.HAL_SD_Init
                0x08007cc6       0x32 build/stm32f7xx_hal_sd.o
                0x08007cc6                HAL_SD_Init
 .text.HAL_SD_GetCardInfo
                0x08007cf8       0x24 build/stm32f7xx_hal_sd.o
                0x08007cf8                HAL_SD_GetCardInfo
 .text.HAL_SD_ConfigWideBusOperation
                0x08007d1c       0xa0 build/stm32f7xx_hal_sd.o
                0x08007d1c                HAL_SD_ConfigWideBusOperation
 .text.HAL_SD_GetCardState
                0x08007dbc       0x26 build/stm32f7xx_hal_sd.o
                0x08007dbc                HAL_SD_GetCardState
 .text.SD_DMAError
                0x08007de2       0x62 build/stm32f7xx_hal_sd.o
 .text.SD_DMATxAbort
                0x08007e44       0x4a build/stm32f7xx_hal_sd.o
 .text.SD_DMARxAbort
                0x08007e8e       0x4a build/stm32f7xx_hal_sd.o
 .text.HAL_SD_IRQHandler
                0x08007ed8      0x1c0 build/stm32f7xx_hal_sd.o
                0x08007ed8                HAL_SD_IRQHandler
 .text.HAL_SPDIFRX_Init
                0x08008098       0x70 build/stm32f7xx_hal_spdifrx.o
                0x08008098                HAL_SPDIFRX_Init
 .text.HAL_SPI_Init
                0x08008108       0xba build/stm32f7xx_hal_spi.o
                0x08008108                HAL_SPI_Init
 .text.TIM_TI1_ConfigInputStage
                0x080081c2       0x26 build/stm32f7xx_hal_tim.o
 .text.TIM_TI2_ConfigInputStage
                0x080081e8       0x28 build/stm32f7xx_hal_tim.o
 .text.TIM_ITRx_SetConfig
                0x08008210       0x10 build/stm32f7xx_hal_tim.o
 .text.HAL_TIM_Base_Start_IT
                0x08008220       0x18 build/stm32f7xx_hal_tim.o
                0x08008220                HAL_TIM_Base_Start_IT
 .text.HAL_TIM_OC_DelayElapsedCallback
                0x08008238        0x2 build/stm32f7xx_hal_tim.o
                0x08008238                HAL_TIM_OC_DelayElapsedCallback
 .text.HAL_TIM_IC_CaptureCallback
                0x0800823a        0x2 build/stm32f7xx_hal_tim.o
                0x0800823a                HAL_TIM_IC_CaptureCallback
 .text.HAL_TIM_PWM_PulseFinishedCallback
                0x0800823c        0x2 build/stm32f7xx_hal_tim.o
                0x0800823c                HAL_TIM_PWM_PulseFinishedCallback
 .text.HAL_TIM_TriggerCallback
                0x0800823e        0x2 build/stm32f7xx_hal_tim.o
                0x0800823e                HAL_TIM_TriggerCallback
 .text.HAL_TIM_IRQHandler
                0x08008240      0x19a build/stm32f7xx_hal_tim.o
                0x08008240                HAL_TIM_IRQHandler
 *fill*         0x080083da        0x2 
 .text.TIM_Base_SetConfig
                0x080083dc      0x140 build/stm32f7xx_hal_tim.o
                0x080083dc                TIM_Base_SetConfig
 .text.HAL_TIM_Base_Init
                0x0800851c       0x32 build/stm32f7xx_hal_tim.o
                0x0800851c                HAL_TIM_Base_Init
 .text.HAL_TIM_PWM_Init
                0x0800854e       0x32 build/stm32f7xx_hal_tim.o
                0x0800854e                HAL_TIM_PWM_Init
 .text.TIM_OC1_SetConfig
                0x08008580       0x60 build/stm32f7xx_hal_tim.o
                0x08008580                TIM_OC1_SetConfig
 .text.TIM_OC2_SetConfig
                0x080085e0       0x68 build/stm32f7xx_hal_tim.o
                0x080085e0                TIM_OC2_SetConfig
 .text.TIM_OC3_SetConfig
                0x08008648       0x68 build/stm32f7xx_hal_tim.o
                0x08008648                TIM_OC3_SetConfig
 .text.TIM_OC4_SetConfig
                0x080086b0       0x54 build/stm32f7xx_hal_tim.o
                0x080086b0                TIM_OC4_SetConfig
 .text.TIM_ETR_SetConfig
                0x08008704       0x18 build/stm32f7xx_hal_tim.o
                0x08008704                TIM_ETR_SetConfig
 .text.HAL_TIM_ConfigClockSource
                0x0800871c      0x114 build/stm32f7xx_hal_tim.o
                0x0800871c                HAL_TIM_ConfigClockSource
 .text.TIM_OC5_SetConfig
                0x08008830       0x54 build/stm32f7xx_hal_tim_ex.o
 .text.TIM_OC6_SetConfig
                0x08008884       0x54 build/stm32f7xx_hal_tim_ex.o
 .text.HAL_TIMEx_MasterConfigSynchronization
                0x080088d8       0x58 build/stm32f7xx_hal_tim_ex.o
                0x080088d8                HAL_TIMEx_MasterConfigSynchronization
 .text.HAL_TIMEx_ConfigBreakDeadTime
                0x08008930       0x94 build/stm32f7xx_hal_tim_ex.o
                0x08008930                HAL_TIMEx_ConfigBreakDeadTime
 .text.HAL_TIMEx_CommutationCallback
                0x080089c4        0x2 build/stm32f7xx_hal_tim_ex.o
                0x080089c4                HAL_TIMEx_CommutationCallback
 .text.HAL_TIMEx_BreakCallback
                0x080089c6        0x2 build/stm32f7xx_hal_tim_ex.o
                0x080089c6                HAL_TIMEx_BreakCallback
 .text.HAL_TIM_PWM_ConfigChannel
                0x080089c8      0x134 build/stm32f7xx_hal_tim_ex.o
                0x080089c8                HAL_TIM_PWM_ConfigChannel
 .text.UART_WaitOnFlagUntilTimeout
                0x08008afc       0x64 build/stm32f7xx_hal_uart.o
                0x08008afc                UART_WaitOnFlagUntilTimeout
 .text.UART_SetConfig
                0x08008b60      0x360 build/stm32f7xx_hal_uart.o
                0x08008b60                UART_SetConfig
 .text.UART_AdvFeatureConfig
                0x08008ec0       0xca build/stm32f7xx_hal_uart.o
                0x08008ec0                UART_AdvFeatureConfig
 .text.UART_CheckIdleState
                0x08008f8a       0x48 build/stm32f7xx_hal_uart.o
                0x08008f8a                UART_CheckIdleState
 .text.HAL_UART_Init
                0x08008fd2       0x68 build/stm32f7xx_hal_uart.o
                0x08008fd2                HAL_UART_Init
 *fill*         0x0800903a        0x2 
 .text.HAL_RCC_OscConfig
                0x0800903c      0x3d4 build/stm32f7xx_hal_rcc.o
                0x0800903c                HAL_RCC_OscConfig
 .text.HAL_RCC_GetSysClockFreq
                0x08009410       0xa4 build/stm32f7xx_hal_rcc.o
                0x08009410                HAL_RCC_GetSysClockFreq
 .text.HAL_RCC_ClockConfig
                0x080094b4      0x164 build/stm32f7xx_hal_rcc.o
                0x080094b4                HAL_RCC_ClockConfig
 .text.HAL_RCC_GetHCLKFreq
                0x08009618        0xc build/stm32f7xx_hal_rcc.o
                0x08009618                HAL_RCC_GetHCLKFreq
 .text.HAL_RCC_GetPCLK1Freq
                0x08009624       0x20 build/stm32f7xx_hal_rcc.o
                0x08009624                HAL_RCC_GetPCLK1Freq
 .text.HAL_RCC_GetPCLK2Freq
                0x08009644       0x20 build/stm32f7xx_hal_rcc.o
                0x08009644                HAL_RCC_GetPCLK2Freq
 .text.HAL_RCC_GetClockConfig
                0x08009664       0x3c build/stm32f7xx_hal_rcc.o
                0x08009664                HAL_RCC_GetClockConfig
 .text.HAL_RCCEx_PeriphCLKConfig
                0x080096a0      0x5ac build/stm32f7xx_hal_rcc_ex.o
                0x080096a0                HAL_RCCEx_PeriphCLKConfig
 .text.HAL_RCCEx_GetPeriphCLKFreq
                0x08009c4c      0x1b0 build/stm32f7xx_hal_rcc_ex.o
                0x08009c4c                HAL_RCCEx_GetPeriphCLKFreq
 .text.HAL_GPIO_Init
                0x08009dfc      0x1dc build/stm32f7xx_hal_gpio.o
                0x08009dfc                HAL_GPIO_Init
 .text.HAL_GPIO_DeInit
                0x08009fd8      0x13c build/stm32f7xx_hal_gpio.o
                0x08009fd8                HAL_GPIO_DeInit
 .text.HAL_GPIO_WritePin
                0x0800a114        0xc build/stm32f7xx_hal_gpio.o
                0x0800a114                HAL_GPIO_WritePin
 .text.DMA_SetConfig
                0x0800a120       0x2c build/stm32f7xx_hal_dma.o
 .text.DMA_CalcBaseAndBitshift
                0x0800a14c       0x38 build/stm32f7xx_hal_dma.o
 .text.DMA_CheckFifoParam
                0x0800a184       0x8e build/stm32f7xx_hal_dma.o
 *fill*         0x0800a212        0x2 
 .text.HAL_DMA_Init
                0x0800a214       0xd0 build/stm32f7xx_hal_dma.o
                0x0800a214                HAL_DMA_Init
 .text.HAL_DMA_DeInit
                0x0800a2e4       0x66 build/stm32f7xx_hal_dma.o
                0x0800a2e4                HAL_DMA_DeInit
 .text.HAL_DMA_Start_IT
                0x0800a34a       0x74 build/stm32f7xx_hal_dma.o
                0x0800a34a                HAL_DMA_Start_IT
 .text.HAL_DMA_Abort_IT
                0x0800a3be       0x26 build/stm32f7xx_hal_dma.o
                0x0800a3be                HAL_DMA_Abort_IT
 .text.HAL_DMA_IRQHandler
                0x0800a3e4      0x1dc build/stm32f7xx_hal_dma.o
                0x0800a3e4                HAL_DMA_IRQHandler
 .text.HAL_DMA_GetError
                0x0800a5c0        0x4 build/stm32f7xx_hal_dma.o
                0x0800a5c0                HAL_DMA_GetError
 .text.HAL_PWREx_EnableOverDrive
                0x0800a5c4       0x7c build/stm32f7xx_hal_pwr_ex.o
                0x0800a5c4                HAL_PWREx_EnableOverDrive
 .text.HAL_Init
                0x0800a640       0x16 build/stm32f7xx_hal.o
                0x0800a640                HAL_Init
 *fill*         0x0800a656        0x2 
 .text.HAL_IncTick
                0x0800a658       0x18 build/stm32f7xx_hal.o
                0x0800a658                HAL_IncTick
 .text.HAL_GetTick
                0x0800a670        0xc build/stm32f7xx_hal.o
                0x0800a670                HAL_GetTick
 .text.HAL_Delay
                0x0800a67c       0x28 build/stm32f7xx_hal.o
                0x0800a67c                HAL_Delay
 .text.SystemInit
                0x0800a6a4       0x50 build/system_stm32f7xx.o
                0x0800a6a4                SystemInit
 .text.ff_cre_syncobj
                0x0800a6f4       0x20 build/syscall.o
                0x0800a6f4                ff_cre_syncobj
 .text.ff_del_syncobj
                0x0800a714        0xa build/syscall.o
                0x0800a714                ff_del_syncobj
 .text.ff_req_grant
                0x0800a71e       0x14 build/syscall.o
                0x0800a71e                ff_req_grant
 .text.ff_rel_grant
                0x0800a732        0x8 build/syscall.o
                0x0800a732                ff_rel_grant
 .text.ld_word  0x0800a73a        0xa build/ff.o
 .text.ld_dword
                0x0800a744       0x16 build/ff.o
 *fill*         0x0800a75a        0x2 
 .text.clear_lock
                0x0800a75c       0x3c build/ff.o
 .text.get_ldnumber
                0x0800a798       0x58 build/ff.o
 .text.lock_fs  0x0800a7f0       0x1a build/ff.o
 .text.sync_window
                0x0800a80a       0x54 build/ff.o
 .text.move_window
                0x0800a85e       0x36 build/ff.o
 .text.check_fs
                0x0800a894       0x7c build/ff.o
 .text.find_volume
                0x0800a910      0x2e0 build/ff.o
 .text.unlock_fs
                0x0800abf0       0x22 build/ff.o
 *fill*         0x0800ac12        0x2 
 .text.f_mount  0x0800ac14       0x90 build/ff.o
                0x0800ac14                f_mount
 .text.FATFS_LinkDriverEx
                0x0800aca4       0x4c build/ff_gen_drv.o
                0x0800aca4                FATFS_LinkDriverEx
 .text.FATFS_LinkDriver
                0x0800acf0        0xa build/ff_gen_drv.o
                0x0800acf0                FATFS_LinkDriver
 *fill*         0x0800acfa        0x2 
 .text.disk_status
                0x0800acfc       0x18 build/diskio.o
                0x0800acfc                disk_status
 .text.disk_initialize
                0x0800ad14       0x28 build/diskio.o
                0x0800ad14                disk_initialize
 .text.disk_read
                0x0800ad3c       0x18 build/diskio.o
                0x0800ad3c                disk_read
 .text.disk_write
                0x0800ad54       0x18 build/diskio.o
                0x0800ad54                disk_write
 .text.prvHeapInit
                0x0800ad6c       0x64 build/heap_4.o
 .text.prvInsertBlockIntoFreeList
                0x0800add0       0x58 build/heap_4.o
 .text.pvPortMalloc
                0x0800ae28      0x11c build/heap_4.o
                0x0800ae28                pvPortMalloc
 .text.vPortFree
                0x0800af44       0x78 build/heap_4.o
                0x0800af44                vPortFree
 .text.prvTaskExitError
                0x0800afbc       0x3c build/port.o
 .text.prvPortStartFirstTask
                0x0800aff8       0x20 build/port.o
 .text.vPortEnableVFP
                0x0800b018       0x14 build/port.o
 .text.pxPortInitialiseStack
                0x0800b02c       0x2c build/port.o
                0x0800b02c                pxPortInitialiseStack
 *fill*         0x0800b058        0x8 
 .text.SVC_Handler
                0x0800b060       0x24 build/port.o
                0x0800b060                SVC_Handler
 .text.vPortEnterCritical
                0x0800b084       0x4c build/port.o
                0x0800b084                vPortEnterCritical
 .text.vPortExitCritical
                0x0800b0d0       0x30 build/port.o
                0x0800b0d0                vPortExitCritical
 .text.PendSV_Handler
                0x0800b100       0x64 build/port.o
                0x0800b100                PendSV_Handler
 .text.xPortSysTickHandler
                0x0800b164       0x30 build/port.o
                0x0800b164                xPortSysTickHandler
 .text.vPortSetupTimerInterrupt
                0x0800b194       0x2c build/port.o
                0x0800b194                vPortSetupTimerInterrupt
 .text.xPortStartScheduler
                0x0800b1c0       0xa8 build/port.o
                0x0800b1c0                xPortStartScheduler
 .text.vPortValidateInterruptPriority
                0x0800b268       0x64 build/port.o
                0x0800b268                vPortValidateInterruptPriority
 .text.prvIsQueueFull
                0x0800b2cc       0x1e build/queue.o
 .text.prvIsQueueEmpty
                0x0800b2ea       0x1a build/queue.o
 .text.prvCopyDataToQueue
                0x0800b304       0x76 build/queue.o
 .text.prvCopyDataFromQueue
                0x0800b37a       0x24 build/queue.o
 .text.prvUnlockQueue
                0x0800b39e       0x6e build/queue.o
 .text.xQueueGenericReset
                0x0800b40c       0x84 build/queue.o
                0x0800b40c                xQueueGenericReset
 .text.prvInitialiseNewQueue
                0x0800b490       0x1c build/queue.o
 .text.xQueueGenericCreate
                0x0800b4ac       0x4c build/queue.o
                0x0800b4ac                xQueueGenericCreate
 .text.xQueueCreateCountingSemaphore
                0x0800b4f8       0x48 build/queue.o
                0x0800b4f8                xQueueCreateCountingSemaphore
 .text.xQueueGenericSend
                0x0800b540      0x198 build/queue.o
                0x0800b540                xQueueGenericSend
 .text.xQueueGenericSendFromISR
                0x0800b6d8       0xee build/queue.o
                0x0800b6d8                xQueueGenericSendFromISR
 .text.xQueueGiveFromISR
                0x0800b7c6       0xcc build/queue.o
                0x0800b7c6                xQueueGiveFromISR
 *fill*         0x0800b892        0x2 
 .text.xQueueGenericReceive
                0x0800b894      0x1bc build/queue.o
                0x0800b894                xQueueGenericReceive
 .text.xQueueReceiveFromISR
                0x0800ba50       0xc2 build/queue.o
                0x0800ba50                xQueueReceiveFromISR
 *fill*         0x0800bb12        0x2 
 .text.vQueueUnregisterQueue
                0x0800bb14       0x2c build/queue.o
                0x0800bb14                vQueueUnregisterQueue
 .text.vQueueDelete
                0x0800bb40       0x28 build/queue.o
                0x0800bb40                vQueueDelete
 .text.vListInitialise
                0x0800bb68       0x16 build/list.o
                0x0800bb68                vListInitialise
 .text.vListInitialiseItem
                0x0800bb7e        0x6 build/list.o
                0x0800bb7e                vListInitialiseItem
 .text.vListInsertEnd
                0x0800bb84       0x18 build/list.o
                0x0800bb84                vListInsertEnd
 .text.vListInsert
                0x0800bb9c       0x34 build/list.o
                0x0800bb9c                vListInsert
 .text.uxListRemove
                0x0800bbd0       0x26 build/list.o
                0x0800bbd0                uxListRemove
 *fill*         0x0800bbf6        0x2 
 .text.prvResetNextTaskUnblockTime
                0x0800bbf8       0x34 build/tasks.o
 .text.prvDeleteTCB
                0x0800bc2c       0x12 build/tasks.o
 .text.prvInitialiseNewTask
                0x0800bc3e       0x92 build/tasks.o
 .text.prvInitialiseTaskLists
                0x0800bcd0       0x68 build/tasks.o
 .text.prvAddNewTaskToReadyList
                0x0800bd38       0xa8 build/tasks.o
 .text.prvAddCurrentTaskToDelayedList
                0x0800bde0       0xa0 build/tasks.o
 .text.xTaskCreate
                0x0800be80       0x62 build/tasks.o
                0x0800be80                xTaskCreate
 *fill*         0x0800bee2        0x2 
 .text.vTaskStartScheduler
                0x0800bee4       0x84 build/tasks.o
                0x0800bee4                vTaskStartScheduler
 .text.vTaskSuspendAll
                0x0800bf68       0x10 build/tasks.o
                0x0800bf68                vTaskSuspendAll
 .text.xTaskGetTickCount
                0x0800bf78        0xc build/tasks.o
                0x0800bf78                xTaskGetTickCount
 .text.xTaskGetTickCountFromISR
                0x0800bf84       0x10 build/tasks.o
                0x0800bf84                xTaskGetTickCountFromISR
 .text.xTaskIncrementTick
                0x0800bf94      0x124 build/tasks.o
                0x0800bf94                xTaskIncrementTick
 .text.xTaskResumeAll
                0x0800c0b8      0x100 build/tasks.o
                0x0800c0b8                xTaskResumeAll
 .text.vTaskDelay
                0x0800c1b8       0x54 build/tasks.o
                0x0800c1b8                vTaskDelay
 .text.prvCheckTasksWaitingTermination
                0x0800c20c       0x5c build/tasks.o
 .text.prvIdleTask
                0x0800c268       0x30 build/tasks.o
 .text.vTaskSwitchContext
                0x0800c298       0xd0 build/tasks.o
                0x0800c298                vTaskSwitchContext
 .text.vTaskPlaceOnEventList
                0x0800c368       0x34 build/tasks.o
                0x0800c368                vTaskPlaceOnEventList
 .text.xTaskRemoveFromEventList
                0x0800c39c       0x90 build/tasks.o
                0x0800c39c                xTaskRemoveFromEventList
 .text.vTaskSetTimeOutState
                0x0800c42c       0x30 build/tasks.o
                0x0800c42c                vTaskSetTimeOutState
 .text.xTaskCheckForTimeOut
                0x0800c45c       0x88 build/tasks.o
                0x0800c45c                xTaskCheckForTimeOut
 .text.vTaskMissedYield
                0x0800c4e4        0xc build/tasks.o
                0x0800c4e4                vTaskMissedYield
 .text.xTaskGetSchedulerState
                0x0800c4f0       0x20 build/tasks.o
                0x0800c4f0                xTaskGetSchedulerState
 .text.vTaskPriorityInherit
                0x0800c510       0xa4 build/tasks.o
                0x0800c510                vTaskPriorityInherit
 .text.xTaskPriorityDisinherit
                0x0800c5b4       0xbc build/tasks.o
                0x0800c5b4                xTaskPriorityDisinherit
 .text.pvTaskIncrementMutexHeldCount
                0x0800c670       0x1c build/tasks.o
                0x0800c670                pvTaskIncrementMutexHeldCount
 .text.makeFreeRtosPriority
                0x0800c68c        0xc build/cmsis_os.o
 .text.inHandlerMode
                0x0800c698        0xc build/cmsis_os.o
 .text.osKernelStart
                0x0800c6a4        0xa build/cmsis_os.o
                0x0800c6a4                osKernelStart
 .text.osKernelRunning
                0x0800c6ae       0x12 build/cmsis_os.o
                0x0800c6ae                osKernelRunning
 .text.osKernelSysTick
                0x0800c6c0       0x14 build/cmsis_os.o
                0x0800c6c0                osKernelSysTick
 .text.osThreadCreate
                0x0800c6d4       0x34 build/cmsis_os.o
                0x0800c6d4                osThreadCreate
 .text.osSemaphoreCreate
                0x0800c708       0x2c build/cmsis_os.o
                0x0800c708                osSemaphoreCreate
 .text.osSemaphoreWait
                0x0800c734       0x74 build/cmsis_os.o
                0x0800c734                osSemaphoreWait
 .text.osSemaphoreRelease
                0x0800c7a8       0x5c build/cmsis_os.o
                0x0800c7a8                osSemaphoreRelease
 .text.osSemaphoreDelete
                0x0800c804       0x18 build/cmsis_os.o
                0x0800c804                osSemaphoreDelete
 .text.osMessageCreate
                0x0800c81c        0xe build/cmsis_os.o
                0x0800c81c                osMessageCreate
 *fill*         0x0800c82a        0x2 
 .text.osMessagePut
                0x0800c82c       0x68 build/cmsis_os.o
                0x0800c82c                osMessagePut
 .text.osMessageGet
                0x0800c894       0xa0 build/cmsis_os.o
                0x0800c894                osMessageGet
 .text.osSystickHandler
                0x0800c934       0x10 build/cmsis_os.o
                0x0800c934                osSystickHandler
 .text.DeInitStateMachine
                0x0800c944       0x4a build/usbh_core.o
 .text.USBH_HandleSof
                0x0800c98e       0x1a build/usbh_core.o
 .text.USBH_HandleEnum
                0x0800c9a8      0x254 build/usbh_core.o
 .text.USBH_Init
                0x0800cbfc       0x80 build/usbh_core.o
                0x0800cbfc                USBH_Init
 .text.USBH_RegisterClass
                0x0800cc7c       0x58 build/usbh_core.o
                0x0800cc7c                USBH_RegisterClass
 .text.USBH_SelectInterface
                0x0800ccd4       0x88 build/usbh_core.o
                0x0800ccd4                USBH_SelectInterface
 .text.USBH_FindInterface
                0x0800cd5c       0x52 build/usbh_core.o
                0x0800cd5c                USBH_FindInterface
 .text.USBH_Start
                0x0800cdae       0x14 build/usbh_core.o
                0x0800cdae                USBH_Start
 .text.USBH_LL_SetTimer
                0x0800cdc2        0x6 build/usbh_core.o
                0x0800cdc2                USBH_LL_SetTimer
 .text.USBH_LL_IncTimer
                0x0800cdc8       0x12 build/usbh_core.o
                0x0800cdc8                USBH_LL_IncTimer
 .text.USBH_LL_PortEnabled
                0x0800cdda        0x8 build/usbh_core.o
                0x0800cdda                USBH_LL_PortEnabled
 .text.USBH_LL_PortDisabled
                0x0800cde2        0x8 build/usbh_core.o
                0x0800cde2                USBH_LL_PortDisabled
 .text.USBH_IsPortEnabled
                0x0800cdea        0x6 build/usbh_core.o
                0x0800cdea                USBH_IsPortEnabled
 .text.USBH_Process
                0x0800cdf0      0x308 build/usbh_core.o
                0x0800cdf0                USBH_Process
 .text.USBH_Process_OS
                0x0800d0f8       0x22 build/usbh_core.o
 .text.USBH_LL_Connect
                0x0800d11a       0x36 build/usbh_core.o
                0x0800d11a                USBH_LL_Connect
 .text.USBH_LL_Disconnect
                0x0800d150       0x54 build/usbh_core.o
                0x0800d150                USBH_LL_Disconnect
 .text.USBH_LL_NotifyURBChange
                0x0800d1a4       0x12 build/usbh_core.o
                0x0800d1a4                USBH_LL_NotifyURBChange
 .text.USBH_ParseDevDesc
                0x0800d1b6       0x5c build/usbh_ctlreq.o
 .text.USBH_ParseInterfaceDesc
                0x0800d212       0x26 build/usbh_ctlreq.o
 .text.USBH_ParseEPDesc
                0x0800d238       0x20 build/usbh_ctlreq.o
 .text.USBH_ParseStringDesc
                0x0800d258       0x34 build/usbh_ctlreq.o
 .text.USBH_HandleControl
                0x0800d28c      0x2a8 build/usbh_ctlreq.o
 .text.USBH_GetNextDesc
                0x0800d534        0xe build/usbh_ctlreq.o
                0x0800d534                USBH_GetNextDesc
 .text.USBH_ParseCfgDesc
                0x0800d542       0xc2 build/usbh_ctlreq.o
 .text.USBH_CtlReq
                0x0800d604       0x58 build/usbh_ctlreq.o
                0x0800d604                USBH_CtlReq
 .text.USBH_GetDescriptor
                0x0800d65c       0x3c build/usbh_ctlreq.o
                0x0800d65c                USBH_GetDescriptor
 .text.USBH_Get_DevDesc
                0x0800d698       0x32 build/usbh_ctlreq.o
                0x0800d698                USBH_Get_DevDesc
 .text.USBH_Get_CfgDesc
                0x0800d6ca       0x32 build/usbh_ctlreq.o
                0x0800d6ca                USBH_Get_CfgDesc
 .text.USBH_Get_StringDesc
                0x0800d6fc       0x30 build/usbh_ctlreq.o
                0x0800d6fc                USBH_Get_StringDesc
 .text.USBH_SetAddress
                0x0800d72c       0x22 build/usbh_ctlreq.o
                0x0800d72c                USBH_SetAddress
 .text.USBH_SetCfg
                0x0800d74e       0x22 build/usbh_ctlreq.o
                0x0800d74e                USBH_SetCfg
 .text.USBH_SetFeature
                0x0800d770       0x22 build/usbh_ctlreq.o
                0x0800d770                USBH_SetFeature
 .text.USBH_ClrFeature
                0x0800d792       0x24 build/usbh_ctlreq.o
                0x0800d792                USBH_ClrFeature
 .text.USBH_CtlSendSetup
                0x0800d7b6       0x22 build/usbh_ioreq.o
                0x0800d7b6                USBH_CtlSendSetup
 .text.USBH_CtlSendData
                0x0800d7d8       0x2c build/usbh_ioreq.o
                0x0800d7d8                USBH_CtlSendData
 .text.USBH_CtlReceiveData
                0x0800d804       0x20 build/usbh_ioreq.o
                0x0800d804                USBH_CtlReceiveData
 .text.USBH_BulkSendData
                0x0800d824       0x2c build/usbh_ioreq.o
                0x0800d824                USBH_BulkSendData
 .text.USBH_BulkReceiveData
                0x0800d850       0x20 build/usbh_ioreq.o
                0x0800d850                USBH_BulkReceiveData
 .text.USBH_GetFreePipe
                0x0800d870       0x24 build/usbh_pipes.o
 .text.USBH_OpenPipe
                0x0800d894       0x20 build/usbh_pipes.o
                0x0800d894                USBH_OpenPipe
 .text.USBH_ClosePipe
                0x0800d8b4        0xa build/usbh_pipes.o
                0x0800d8b4                USBH_ClosePipe
 .text.USBH_AllocPipe
                0x0800d8be       0x22 build/usbh_pipes.o
                0x0800d8be                USBH_AllocPipe
 .text.USBH_FreePipe
                0x0800d8e0       0x16 build/usbh_pipes.o
                0x0800d8e0                USBH_FreePipe
 .text.USBH_MSC_SOFProcess
                0x0800d8f6        0x4 build/usbh_msc.o
 *fill*         0x0800d8fa        0x2 
 .text.USBH_MSC_Process
                0x0800d8fc      0x404 build/usbh_msc.o
 .text.USBH_MSC_ClassRequest
                0x0800dd00       0x88 build/usbh_msc.o
 .text.USBH_MSC_InterfaceDeInit
                0x0800dd88       0x50 build/usbh_msc.o
 .text.USBH_MSC_InterfaceInit
                0x0800ddd8      0x150 build/usbh_msc.o
 .text.USBH_MSC_RdWrProcess
                0x0800df28      0x17c build/usbh_msc.o
 .text.USBH_MSC_UnitIsReady
                0x0800e0a4       0x26 build/usbh_msc.o
                0x0800e0a4                USBH_MSC_UnitIsReady
 .text.USBH_MSC_GetLUNInfo
                0x0800e0ca       0x44 build/usbh_msc.o
                0x0800e0ca                USBH_MSC_GetLUNInfo
 .text.USBH_MSC_Read
                0x0800e10e       0x92 build/usbh_msc.o
                0x0800e10e                USBH_MSC_Read
 .text.USBH_MSC_Write
                0x0800e1a0       0x92 build/usbh_msc.o
                0x0800e1a0                USBH_MSC_Write
 *fill*         0x0800e232        0x2 
 .text.USBH_MSC_DecodeCSW
                0x0800e234       0x50 build/usbh_msc_bot.o
 .text.USBH_MSC_BOT_Abort
                0x0800e284       0x22 build/usbh_msc_bot.o
 .text.USBH_MSC_BOT_REQ_Reset
                0x0800e2a6       0x1a build/usbh_msc_bot.o
                0x0800e2a6                USBH_MSC_BOT_REQ_Reset
 .text.USBH_MSC_BOT_REQ_GetMaxLUN
                0x0800e2c0       0x1a build/usbh_msc_bot.o
                0x0800e2c0                USBH_MSC_BOT_REQ_GetMaxLUN
 *fill*         0x0800e2da        0x2 
 .text.USBH_MSC_BOT_Init
                0x0800e2dc       0x24 build/usbh_msc_bot.o
                0x0800e2dc                USBH_MSC_BOT_Init
 .text.USBH_MSC_BOT_Process
                0x0800e300      0x2d2 build/usbh_msc_bot.o
                0x0800e300                USBH_MSC_BOT_Process
 .text.USBH_MSC_SCSI_TestUnitReady
                0x0800e5d2       0x4e build/usbh_msc_scsi.o
                0x0800e5d2                USBH_MSC_SCSI_TestUnitReady
 .text.USBH_MSC_SCSI_ReadCapacity
                0x0800e620       0x8e build/usbh_msc_scsi.o
                0x0800e620                USBH_MSC_SCSI_ReadCapacity
 .text.USBH_MSC_SCSI_Inquiry
                0x0800e6ae       0xdc build/usbh_msc_scsi.o
                0x0800e6ae                USBH_MSC_SCSI_Inquiry
 .text.USBH_MSC_SCSI_RequestSense
                0x0800e78a       0x94 build/usbh_msc_scsi.o
                0x0800e78a                USBH_MSC_SCSI_RequestSense
 .text.USBH_MSC_SCSI_Write
                0x0800e81e       0x94 build/usbh_msc_scsi.o
                0x0800e81e                USBH_MSC_SCSI_Write
 .text.USBH_MSC_SCSI_Read
                0x0800e8b2       0x96 build/usbh_msc_scsi.o
                0x0800e8b2                USBH_MSC_SCSI_Read
 .text.debug_init
                0x0800e948        0xc build/dbgu.o
                0x0800e948                debug_init
 .text.debug_chr
                0x0800e954       0x18 build/dbgu.o
                0x0800e954                debug_chr
 .text.xputc    0x0800e96c        0x8 build/term_io.o
                0x0800e96c                xputc
 .text.xputs    0x0800e974       0x14 build/term_io.o
                0x0800e974                xputs
 .text.xitoa    0x0800e988       0x9c build/term_io.o
                0x0800e988                xitoa
 .text.xprintf  0x0800ea24       0xec build/term_io.o
                0x0800ea24                xprintf
 .text.LL_FillBuffer
                0x0800eb10       0x80 build/stm32746g_discovery_lcd.o
 .text.BSP_LCD_GetXSize
                0x0800eb90       0x18 build/stm32746g_discovery_lcd.o
                0x0800eb90                BSP_LCD_GetXSize
 .text.BSP_LCD_GetYSize
                0x0800eba8       0x18 build/stm32746g_discovery_lcd.o
                0x0800eba8                BSP_LCD_GetYSize
 .text.BSP_LCD_LayerDefaultInit
                0x0800ebc0       0x80 build/stm32746g_discovery_lcd.o
                0x0800ebc0                BSP_LCD_LayerDefaultInit
 .text.BSP_LCD_SelectLayer
                0x0800ec40        0xc build/stm32746g_discovery_lcd.o
                0x0800ec40                BSP_LCD_SelectLayer
 .text.BSP_LCD_SetTransparency
                0x0800ec4c       0x10 build/stm32746g_discovery_lcd.o
                0x0800ec4c                BSP_LCD_SetTransparency
 .text.BSP_LCD_SetColorKeying
                0x0800ec5c       0x1c build/stm32746g_discovery_lcd.o
                0x0800ec5c                BSP_LCD_SetColorKeying
 .text.BSP_LCD_SetTextColor
                0x0800ec78       0x18 build/stm32746g_discovery_lcd.o
                0x0800ec78                BSP_LCD_SetTextColor
 .text.BSP_LCD_SetBackColor
                0x0800ec90       0x1c build/stm32746g_discovery_lcd.o
                0x0800ec90                BSP_LCD_SetBackColor
 .text.BSP_LCD_SetFont
                0x0800ecac       0x1c build/stm32746g_discovery_lcd.o
                0x0800ecac                BSP_LCD_SetFont
 .text.BSP_LCD_Clear
                0x0800ecc8       0x3c build/stm32746g_discovery_lcd.o
                0x0800ecc8                BSP_LCD_Clear
 .text.BSP_LCD_DrawHLine
                0x0800ed04       0x78 build/stm32746g_discovery_lcd.o
                0x0800ed04                BSP_LCD_DrawHLine
 .text.BSP_LCD_DrawVLine
                0x0800ed7c       0x7c build/stm32746g_discovery_lcd.o
                0x0800ed7c                BSP_LCD_DrawVLine
 .text.BSP_LCD_DrawRect
                0x0800edf8       0x32 build/stm32746g_discovery_lcd.o
                0x0800edf8                BSP_LCD_DrawRect
 *fill*         0x0800ee2a        0x2 
 .text.BSP_LCD_DrawPixel
                0x0800ee2c       0x54 build/stm32746g_discovery_lcd.o
                0x0800ee2c                BSP_LCD_DrawPixel
 .text.DrawChar
                0x0800ee80       0xe8 build/stm32746g_discovery_lcd.o
 .text.BSP_LCD_DisplayChar
                0x0800ef68       0x38 build/stm32746g_discovery_lcd.o
                0x0800ef68                BSP_LCD_DisplayChar
 .text.BSP_LCD_DisplayStringAt
                0x0800efa0       0xd4 build/stm32746g_discovery_lcd.o
                0x0800efa0                BSP_LCD_DisplayStringAt
 .text.BSP_LCD_DrawLine
                0x0800f074       0xfc build/stm32746g_discovery_lcd.o
                0x0800f074                BSP_LCD_DrawLine
 .text.BSP_LCD_FillRect
                0x0800f170       0x94 build/stm32746g_discovery_lcd.o
                0x0800f170                BSP_LCD_FillRect
 .text.BSP_LCD_DisplayOn
                0x0800f204       0x34 build/stm32746g_discovery_lcd.o
                0x0800f204                BSP_LCD_DisplayOn
 .text.BSP_LCD_MspInit
                0x0800f238      0x148 build/stm32746g_discovery_lcd.o
                0x0800f238                BSP_LCD_MspInit
 .text.BSP_LCD_ClockConfig
                0x0800f380       0x20 build/stm32746g_discovery_lcd.o
                0x0800f380                BSP_LCD_ClockConfig
 .text.BSP_LCD_Init
                0x0800f3a0       0xac build/stm32746g_discovery_lcd.o
                0x0800f3a0                BSP_LCD_Init
 .text.BSP_SDRAM_Initialization_sequence
                0x0800f44c       0x9c build/stm32746g_discovery_sdram.o
                0x0800f44c                BSP_SDRAM_Initialization_sequence
 .text.BSP_SDRAM_MspInit
                0x0800f4e8      0x17c build/stm32746g_discovery_sdram.o
                0x0800f4e8                BSP_SDRAM_MspInit
 .text.BSP_SDRAM_Init
                0x0800f664       0x80 build/stm32746g_discovery_sdram.o
                0x0800f664                BSP_SDRAM_Init
 .text.BSP_TS_Init
                0x0800f6e4       0x50 build/stm32746g_discovery_ts.o
                0x0800f6e4                BSP_TS_Init
 .text.BSP_TS_Get_GestureId
                0x0800f734       0x74 build/stm32746g_discovery_ts.o
                0x0800f734                BSP_TS_Get_GestureId
 .text.BSP_TS_GetState
                0x0800f7a8      0x1d0 build/stm32746g_discovery_ts.o
                0x0800f7a8                BSP_TS_GetState
 .text.I2Cx_MspInit
                0x0800f978      0x128 build/stm32746g_discovery.o
 .text.I2Cx_Init
                0x0800faa0       0x4c build/stm32746g_discovery.o
 .text.I2Cx_Error
                0x0800faec       0x10 build/stm32746g_discovery.o
 .text.I2Cx_WriteMultiple
                0x0800fafc       0x32 build/stm32746g_discovery.o
 .text.I2Cx_ReadMultiple
                0x0800fb2e       0x32 build/stm32746g_discovery.o
 .text.TS_IO_Init
                0x0800fb60       0x10 build/stm32746g_discovery.o
                0x0800fb60                TS_IO_Init
 .text.TS_IO_Write
                0x0800fb70       0x24 build/stm32746g_discovery.o
                0x0800fb70                TS_IO_Write
 .text.TS_IO_Read
                0x0800fb94       0x2c build/stm32746g_discovery.o
                0x0800fb94                TS_IO_Read
 .text.TS_IO_Delay
                0x0800fbc0        0x8 build/stm32746g_discovery.o
                0x0800fbc0                TS_IO_Delay
 .text.ft5336_Reset
                0x0800fbc8        0x2 build/ft5336.o
                0x0800fbc8                ft5336_Reset
 .text.ft5336_TS_ITStatus
                0x0800fbca        0x4 build/ft5336.o
                0x0800fbca                ft5336_TS_ITStatus
 .text.ft5336_TS_ClearIT
                0x0800fbce        0x2 build/ft5336.o
                0x0800fbce                ft5336_TS_ClearIT
 .text.ft5336_Get_I2C_InitializedStatus
                0x0800fbd0        0xc build/ft5336.o
 .text.ft5336_I2C_InitializeIfRequired
                0x0800fbdc       0x1c build/ft5336.o
 .text.ft5336_Init
                0x0800fbf8        0xe build/ft5336.o
                0x0800fbf8                ft5336_Init
 .text.ft5336_ReadID
                0x0800fc06       0x4a build/ft5336.o
                0x0800fc06                ft5336_ReadID
 .text.ft5336_TS_DetectTouch
                0x0800fc50       0x4c build/ft5336.o
                0x0800fc50                ft5336_TS_DetectTouch
 .text.ft5336_TS_GetXY
                0x0800fc9c      0x158 build/ft5336.o
                0x0800fc9c                ft5336_TS_GetXY
 .text.ft5336_TS_EnableIT
                0x0800fdf4        0xe build/ft5336.o
                0x0800fdf4                ft5336_TS_EnableIT
 .text.ft5336_TS_DisableIT
                0x0800fe02        0xe build/ft5336.o
                0x0800fe02                ft5336_TS_DisableIT
 .text.ft5336_TS_Start
                0x0800fe10        0x8 build/ft5336.o
                0x0800fe10                ft5336_TS_Start
 .text.ft5336_TS_GetGestureID
                0x0800fe18       0x22 build/ft5336.o
                0x0800fe18                ft5336_TS_GetGestureID
 *fill*         0x0800fe3a        0x2 
 .text.ft5336_TS_GetTouchInfo
                0x0800fe3c       0xe0 build/ft5336.o
                0x0800fe3c                ft5336_TS_GetTouchInfo
 .text.SD_CheckStatus
                0x0800ff1c       0x24 build/sd_diskio_dma_rtos.o
 .text.SD_initialize
                0x0800ff40       0x5c build/sd_diskio_dma_rtos.o
                0x0800ff40                SD_initialize
 .text.SD_status
                0x0800ff9c        0x8 build/sd_diskio_dma_rtos.o
                0x0800ff9c                SD_status
 .text.SD_read  0x0800ffa4       0x64 build/sd_diskio_dma_rtos.o
                0x0800ffa4                SD_read
 .text.SD_write
                0x08010008       0x64 build/sd_diskio_dma_rtos.o
                0x08010008                SD_write
 .text.SD_ioctl
                0x0801006c       0x5c build/sd_diskio_dma_rtos.o
                0x0801006c                SD_ioctl
 .text.BSP_SD_WriteCpltCallback
                0x080100c8       0x18 build/sd_diskio_dma_rtos.o
                0x080100c8                BSP_SD_WriteCpltCallback
 .text.BSP_SD_ReadCpltCallback
                0x080100e0       0x18 build/sd_diskio_dma_rtos.o
                0x080100e0                BSP_SD_ReadCpltCallback
 .text.BSP_SD_AbortCallback
                0x080100f8       0x18 build/sd_diskio_dma_rtos.o
                0x080100f8                BSP_SD_AbortCallback
 .text.DMA2_Stream3_IRQHandler
                0x08010110       0x10 build/sd_diskio_dma_rtos.o
                0x08010110                DMA2_Stream3_IRQHandler
 .text.DMA2_Stream6_IRQHandler
                0x08010120       0x10 build/sd_diskio_dma_rtos.o
                0x08010120                DMA2_Stream6_IRQHandler
 .text.SDMMC1_IRQHandler
                0x08010130       0x10 build/sd_diskio_dma_rtos.o
                0x08010130                SDMMC1_IRQHandler
 .text.BSP_SD_ReadBlocks_DMAEx
                0x08010140       0x14 build/stm32f7_board_sd.o
                0x08010140                BSP_SD_ReadBlocks_DMAEx
 .text.BSP_SD_ReadBlocks_DMA
                0x08010154       0x10 build/stm32f7_board_sd.o
                0x08010154                BSP_SD_ReadBlocks_DMA
 .text.BSP_SD_WriteBlocks_DMAEx
                0x08010164       0x14 build/stm32f7_board_sd.o
                0x08010164                BSP_SD_WriteBlocks_DMAEx
 .text.BSP_SD_WriteBlocks_DMA
                0x08010178       0x10 build/stm32f7_board_sd.o
                0x08010178                BSP_SD_WriteBlocks_DMA
 .text.BSP_SD_MspInit
                0x08010188      0x178 build/stm32f7_board_sd.o
                0x08010188                BSP_SD_MspInit
 .text.BSP_SD_InitEx
                0x08010300       0x48 build/stm32f7_board_sd.o
                0x08010300                BSP_SD_InitEx
 .text.BSP_SD_Init
                0x08010348        0xa build/stm32f7_board_sd.o
                0x08010348                BSP_SD_Init
 *fill*         0x08010352        0x2 
 .text.BSP_SD_GetCardStateEx
                0x08010354       0x14 build/stm32f7_board_sd.o
                0x08010354                BSP_SD_GetCardStateEx
 .text.BSP_SD_GetCardState
                0x08010368        0xa build/stm32f7_board_sd.o
                0x08010368                BSP_SD_GetCardState
 *fill*         0x08010372        0x2 
 .text.BSP_SD_GetCardInfo
                0x08010374       0x10 build/stm32f7_board_sd.o
                0x08010374                BSP_SD_GetCardInfo
 .text.HAL_SD_AbortCallback
                0x08010384        0x8 build/stm32f7_board_sd.o
                0x08010384                HAL_SD_AbortCallback
 .text.HAL_SD_TxCpltCallback
                0x0801038c        0x8 build/stm32f7_board_sd.o
                0x0801038c                HAL_SD_TxCpltCallback
 .text.HAL_SD_RxCpltCallback
                0x08010394        0x8 build/stm32f7_board_sd.o
                0x08010394                HAL_SD_RxCpltCallback
 .text.Reset_Handler
                0x0801039c       0x50 build/startup_stm32f746xx.o
                0x0801039c                Reset_Handler
 .text.Default_Handler
                0x080103ec        0x6 build/startup_stm32f746xx.o
                0x080103ec                RTC_Alarm_IRQHandler
                0x080103ec                EXTI2_IRQHandler
                0x080103ec                TIM8_CC_IRQHandler
                0x080103ec                UART8_IRQHandler
                0x080103ec                SPI4_IRQHandler
                0x080103ec                TIM1_CC_IRQHandler
                0x080103ec                DMA2_Stream5_IRQHandler
                0x080103ec                DMA1_Stream5_IRQHandler
                0x080103ec                PVD_IRQHandler
                0x080103ec                TAMP_STAMP_IRQHandler
                0x080103ec                CAN2_RX1_IRQHandler
                0x080103ec                EXTI3_IRQHandler
                0x080103ec                TIM8_TRG_COM_TIM14_IRQHandler
                0x080103ec                TIM1_UP_TIM10_IRQHandler
                0x080103ec                TIM8_UP_TIM13_IRQHandler
                0x080103ec                I2C3_ER_IRQHandler
                0x080103ec                EXTI0_IRQHandler
                0x080103ec                I2C2_EV_IRQHandler
                0x080103ec                DMA1_Stream2_IRQHandler
                0x080103ec                CAN1_RX0_IRQHandler
                0x080103ec                FPU_IRQHandler
                0x080103ec                OTG_HS_WKUP_IRQHandler
                0x080103ec                LTDC_ER_IRQHandler
                0x080103ec                CAN2_SCE_IRQHandler
                0x080103ec                DMA2_Stream2_IRQHandler
                0x080103ec                SPI1_IRQHandler
                0x080103ec                TIM1_BRK_TIM9_IRQHandler
                0x080103ec                DCMI_IRQHandler
                0x080103ec                CAN2_RX0_IRQHandler
                0x080103ec                SAI2_IRQHandler
                0x080103ec                USART6_IRQHandler
                0x080103ec                USART3_IRQHandler
                0x080103ec                CAN1_RX1_IRQHandler
                0x080103ec                UART5_IRQHandler
                0x080103ec                DMA2_Stream0_IRQHandler
                0x080103ec                TIM4_IRQHandler
                0x080103ec                QUADSPI_IRQHandler
                0x080103ec                I2C1_EV_IRQHandler
                0x080103ec                DMA1_Stream6_IRQHandler
                0x080103ec                DMA1_Stream1_IRQHandler
                0x080103ec                UART4_IRQHandler
                0x080103ec                TIM3_IRQHandler
                0x080103ec                RCC_IRQHandler
                0x080103ec                TIM8_BRK_TIM12_IRQHandler
                0x080103ec                Default_Handler
                0x080103ec                CEC_IRQHandler
                0x080103ec                EXTI15_10_IRQHandler
                0x080103ec                ADC_IRQHandler
                0x080103ec                DMA1_Stream7_IRQHandler
                0x080103ec                SPI5_IRQHandler
                0x080103ec                TIM7_IRQHandler
                0x080103ec                CAN2_TX_IRQHandler
                0x080103ec                TIM5_IRQHandler
                0x080103ec                I2C3_EV_IRQHandler
                0x080103ec                EXTI9_5_IRQHandler
                0x080103ec                RTC_WKUP_IRQHandler
                0x080103ec                ETH_WKUP_IRQHandler
                0x080103ec                SPDIF_RX_IRQHandler
                0x080103ec                SPI2_IRQHandler
                0x080103ec                OTG_HS_EP1_IN_IRQHandler
                0x080103ec                DMA1_Stream0_IRQHandler
                0x080103ec                CAN1_TX_IRQHandler
                0x080103ec                EXTI4_IRQHandler
                0x080103ec                RNG_IRQHandler
                0x080103ec                OTG_HS_EP1_OUT_IRQHandler
                0x080103ec                WWDG_IRQHandler
                0x080103ec                SPI6_IRQHandler
                0x080103ec                I2C4_EV_IRQHandler
                0x080103ec                TIM2_IRQHandler
                0x080103ec                OTG_FS_WKUP_IRQHandler
                0x080103ec                TIM1_TRG_COM_TIM11_IRQHandler
                0x080103ec                OTG_HS_IRQHandler
                0x080103ec                EXTI1_IRQHandler
                0x080103ec                UART7_IRQHandler
                0x080103ec                USART2_IRQHandler
                0x080103ec                I2C2_ER_IRQHandler
                0x080103ec                DMA2_Stream1_IRQHandler
                0x080103ec                CAN1_SCE_IRQHandler
                0x080103ec                FLASH_IRQHandler
                0x080103ec                USART1_IRQHandler
                0x080103ec                SPI3_IRQHandler
                0x080103ec                DMA1_Stream4_IRQHandler
                0x080103ec                I2C1_ER_IRQHandler
                0x080103ec                FMC_IRQHandler
                0x080103ec                LPTIM1_IRQHandler
                0x080103ec                I2C4_ER_IRQHandler
                0x080103ec                SAI1_IRQHandler
                0x080103ec                DMA1_Stream3_IRQHandler
 *fill*         0x080103f2        0x2 
 .text.__libc_init_array
                0x080103f4       0x48 c:/gcc_toolchain/6_2017-q1-update/bin/../lib/gcc/arm-none-eabi/6.3.1/../../../../arm-none-eabi/lib/thumb/v7e-m/fpv5-sp/hard\libc_nano.a(lib_a-init.o)
                0x080103f4                __libc_init_array
 .text.malloc   0x0801043c       0x10 c:/gcc_toolchain/6_2017-q1-update/bin/../lib/gcc/arm-none-eabi/6.3.1/../../../../arm-none-eabi/lib/thumb/v7e-m/fpv5-sp/hard\libc_nano.a(lib_a-malloc.o)
                0x0801043c                malloc
 .text.free     0x0801044c       0x10 c:/gcc_toolchain/6_2017-q1-update/bin/../lib/gcc/arm-none-eabi/6.3.1/../../../../arm-none-eabi/lib/thumb/v7e-m/fpv5-sp/hard\libc_nano.a(lib_a-malloc.o)
                0x0801044c                free
 .text.memcpy   0x0801045c       0x16 c:/gcc_toolchain/6_2017-q1-update/bin/../lib/gcc/arm-none-eabi/6.3.1/../../../../arm-none-eabi/lib/thumb/v7e-m/fpv5-sp/hard\libc_nano.a(lib_a-memcpy-stub.o)
                0x0801045c                memcpy
 .text.memset   0x08010472       0x10 c:/gcc_toolchain/6_2017-q1-update/bin/../lib/gcc/arm-none-eabi/6.3.1/../../../../arm-none-eabi/lib/thumb/v7e-m/fpv5-sp/hard\libc_nano.a(lib_a-memset.o)
                0x08010472                memset
 *fill*         0x08010482        0x2 
 .text._free_r  0x08010484       0x9c c:/gcc_toolchain/6_2017-q1-update/bin/../lib/gcc/arm-none-eabi/6.3.1/../../../../arm-none-eabi/lib/thumb/v7e-m/fpv5-sp/hard\libc_nano.a(lib_a-nano-freer.o)
                0x08010484                _free_r
 .text._malloc_r
                0x08010520       0xbc c:/gcc_toolchain/6_2017-q1-update/bin/../lib/gcc/arm-none-eabi/6.3.1/../../../../arm-none-eabi/lib/thumb/v7e-m/fpv5-sp/hard\libc_nano.a(lib_a-nano-mallocr.o)
                0x08010520                _malloc_r